Archive member included to satisfy reference by file (symbol)

c:/st/stm32cubeide_1.0.2/stm32cubeide/plugins/com.st.stm32cube.ide.mcu.externaltools.gnu-tools-for-stm32.7-2018-q2-update.win32_1.0.0.201904181610/tools/bin/../lib/gcc/arm-none-eabi/7.3.1/../../../../arm-none-eabi/lib/thumb/v7e-m/fpv5/hard\libc_nano.a(lib_a-errno.o)
                              Core/Src/syscalls.o (__errno)
c:/st/stm32cubeide_1.0.2/stm32cubeide/plugins/com.st.stm32cube.ide.mcu.externaltools.gnu-tools-for-stm32.7-2018-q2-update.win32_1.0.0.201904181610/tools/bin/../lib/gcc/arm-none-eabi/7.3.1/../../../../arm-none-eabi/lib/thumb/v7e-m/fpv5/hard\libc_nano.a(lib_a-exit.o)
                              c:/st/stm32cubeide_1.0.2/stm32cubeide/plugins/com.st.stm32cube.ide.mcu.externaltools.gnu-tools-for-stm32.7-2018-q2-update.win32_1.0.0.201904181610/tools/bin/../lib/gcc/arm-none-eabi/7.3.1/../../../../arm-none-eabi/lib/thumb/v7e-m/fpv5/hard/crt0.o (exit)
c:/st/stm32cubeide_1.0.2/stm32cubeide/plugins/com.st.stm32cube.ide.mcu.externaltools.gnu-tools-for-stm32.7-2018-q2-update.win32_1.0.0.201904181610/tools/bin/../lib/gcc/arm-none-eabi/7.3.1/../../../../arm-none-eabi/lib/thumb/v7e-m/fpv5/hard\libc_nano.a(lib_a-impure.o)
                              c:/st/stm32cubeide_1.0.2/stm32cubeide/plugins/com.st.stm32cube.ide.mcu.externaltools.gnu-tools-for-stm32.7-2018-q2-update.win32_1.0.0.201904181610/tools/bin/../lib/gcc/arm-none-eabi/7.3.1/../../../../arm-none-eabi/lib/thumb/v7e-m/fpv5/hard\libc_nano.a(lib_a-exit.o) (_global_impure_ptr)
c:/st/stm32cubeide_1.0.2/stm32cubeide/plugins/com.st.stm32cube.ide.mcu.externaltools.gnu-tools-for-stm32.7-2018-q2-update.win32_1.0.0.201904181610/tools/bin/../lib/gcc/arm-none-eabi/7.3.1/../../../../arm-none-eabi/lib/thumb/v7e-m/fpv5/hard\libc_nano.a(lib_a-init.o)
                              c:/st/stm32cubeide_1.0.2/stm32cubeide/plugins/com.st.stm32cube.ide.mcu.externaltools.gnu-tools-for-stm32.7-2018-q2-update.win32_1.0.0.201904181610/tools/bin/../lib/gcc/arm-none-eabi/7.3.1/../../../../arm-none-eabi/lib/thumb/v7e-m/fpv5/hard/crt0.o (__libc_init_array)
c:/st/stm32cubeide_1.0.2/stm32cubeide/plugins/com.st.stm32cube.ide.mcu.externaltools.gnu-tools-for-stm32.7-2018-q2-update.win32_1.0.0.201904181610/tools/bin/../lib/gcc/arm-none-eabi/7.3.1/../../../../arm-none-eabi/lib/thumb/v7e-m/fpv5/hard\libc_nano.a(lib_a-itoa.o)
                              Core/Src/main.o (itoa)
c:/st/stm32cubeide_1.0.2/stm32cubeide/plugins/com.st.stm32cube.ide.mcu.externaltools.gnu-tools-for-stm32.7-2018-q2-update.win32_1.0.0.201904181610/tools/bin/../lib/gcc/arm-none-eabi/7.3.1/../../../../arm-none-eabi/lib/thumb/v7e-m/fpv5/hard\libc_nano.a(lib_a-malloc.o)
                              Middlewares/ST/STM32_USB_Device_Library/Class/CDC/Src/usbd_cdc.o (malloc)
c:/st/stm32cubeide_1.0.2/stm32cubeide/plugins/com.st.stm32cube.ide.mcu.externaltools.gnu-tools-for-stm32.7-2018-q2-update.win32_1.0.0.201904181610/tools/bin/../lib/gcc/arm-none-eabi/7.3.1/../../../../arm-none-eabi/lib/thumb/v7e-m/fpv5/hard\libc_nano.a(lib_a-memset.o)
                              c:/st/stm32cubeide_1.0.2/stm32cubeide/plugins/com.st.stm32cube.ide.mcu.externaltools.gnu-tools-for-stm32.7-2018-q2-update.win32_1.0.0.201904181610/tools/bin/../lib/gcc/arm-none-eabi/7.3.1/../../../../arm-none-eabi/lib/thumb/v7e-m/fpv5/hard/crt0.o (memset)
c:/st/stm32cubeide_1.0.2/stm32cubeide/plugins/com.st.stm32cube.ide.mcu.externaltools.gnu-tools-for-stm32.7-2018-q2-update.win32_1.0.0.201904181610/tools/bin/../lib/gcc/arm-none-eabi/7.3.1/../../../../arm-none-eabi/lib/thumb/v7e-m/fpv5/hard\libc_nano.a(lib_a-nano-freer.o)
                              c:/st/stm32cubeide_1.0.2/stm32cubeide/plugins/com.st.stm32cube.ide.mcu.externaltools.gnu-tools-for-stm32.7-2018-q2-update.win32_1.0.0.201904181610/tools/bin/../lib/gcc/arm-none-eabi/7.3.1/../../../../arm-none-eabi/lib/thumb/v7e-m/fpv5/hard\libc_nano.a(lib_a-malloc.o) (_free_r)
c:/st/stm32cubeide_1.0.2/stm32cubeide/plugins/com.st.stm32cube.ide.mcu.externaltools.gnu-tools-for-stm32.7-2018-q2-update.win32_1.0.0.201904181610/tools/bin/../lib/gcc/arm-none-eabi/7.3.1/../../../../arm-none-eabi/lib/thumb/v7e-m/fpv5/hard\libc_nano.a(lib_a-nano-mallocr.o)
                              c:/st/stm32cubeide_1.0.2/stm32cubeide/plugins/com.st.stm32cube.ide.mcu.externaltools.gnu-tools-for-stm32.7-2018-q2-update.win32_1.0.0.201904181610/tools/bin/../lib/gcc/arm-none-eabi/7.3.1/../../../../arm-none-eabi/lib/thumb/v7e-m/fpv5/hard\libc_nano.a(lib_a-malloc.o) (_malloc_r)
c:/st/stm32cubeide_1.0.2/stm32cubeide/plugins/com.st.stm32cube.ide.mcu.externaltools.gnu-tools-for-stm32.7-2018-q2-update.win32_1.0.0.201904181610/tools/bin/../lib/gcc/arm-none-eabi/7.3.1/../../../../arm-none-eabi/lib/thumb/v7e-m/fpv5/hard\libc_nano.a(lib_a-sbrkr.o)
[...]
Memory Configuration

Name             Origin             Length             Attributes
DTCMRAM          0x0000000020000000 0x0000000000020000 xrw
ITCMRAM          0x0000000000000000 0x0000000000010000 xrw
RAM_D1           0x0000000024000000 0x0000000000080000 xrw
RAM_D2           0x0000000030000000 0x0000000000048000 xrw
RAM_D3           0x0000000038000000 0x0000000000010000 xrw
FLASH            0x0000000008000000 0x0000000000200000 xr
*default*        0x0000000000000000 0xffffffffffffffff

Linker script and memory map

LOAD c:/st/stm32cubeide_1.0.2/stm32cubeide/plugins/com.st.stm32cube.ide.mcu.externaltools.gnu-tools-for-stm32.7-2018-q2-update.win32_1.0.0.201904181610/tools/bin/../lib/gcc/arm-none-eabi/7.3.1/thumb/v7e-m/fpv5/hard/crti.o
LOAD c:/st/stm32cubeide_1.0.2/stm32cubeide/plugins/com.st.stm32cube.ide.mcu.externaltools.gnu-tools-for-stm32.7-2018-q2-update.win32_1.0.0.201904181610/tools/bin/../lib/gcc/arm-none-eabi/7.3.1/thumb/v7e-m/fpv5/hard/crtbegin.o
LOAD c:/st/stm32cubeide_1.0.2/stm32cubeide/plugins/com.st.stm32cube.ide.mcu.externaltools.gnu-tools-for-stm32.7-2018-q2-update.win32_1.0.0.201904181610/tools/bin/../lib/gcc/arm-none-eabi/7.3.1/../../../../arm-none-eabi/lib/thumb/v7e-m/fpv5/hard/crt0.o
LOAD Core/Src/main.o
LOAD Core/Src/stm32h7xx_hal_msp.o
LOAD Core/Src/stm32h7xx_it.o
LOAD Core/Src/syscalls.o
LOAD Core/Src/sysmem.o
LOAD Core/Src/system_stm32h7xx.o
LOAD Core/Startup/startup_stm32h743zitx.o
LOAD Core/external/G_q.o
LOAD Core/external/G_q_data.o
LOAD Core/external/G_q_initialize.o
LOAD Core/external/G_q_terminate.o
LOAD Core/external/exp.o
LOAD Core/external/rtGetInf.o
LOAD Core/external/rtGetNaN.o
LOAD Core/external/rt_nonfinite.o
LOAD Drivers/STM32H7xx_HAL_Driver/Src/stm32h7xx_hal.o
LOAD Drivers/STM32H7xx_HAL_Driver/Src/stm32h7xx_hal_cortex.o
LOAD Drivers/STM32H7xx_HAL_Driver/Src/stm32h7xx_hal_dma.o
LOAD Drivers/STM32H7xx_HAL_Driver/Src/stm32h7xx_hal_dma_ex.o
LOAD Drivers/STM32H7xx_HAL_Driver/Src/stm32h7xx_hal_exti.o
LOAD Drivers/STM32H7xx_HAL_Driver/Src/stm32h7xx_hal_flash.o
LOAD Drivers/STM32H7xx_HAL_Driver/Src/stm32h7xx_hal_flash_ex.o
LOAD Drivers/STM32H7xx_HAL_Driver/Src/stm32h7xx_hal_gpio.o
LOAD Drivers/STM32H7xx_HAL_Driver/Src/stm32h7xx_hal_hsem.o
LOAD Drivers/STM32H7xx_HAL_Driver/Src/stm32h7xx_hal_i2c.o
LOAD Drivers/STM32H7xx_HAL_Driver/Src/stm32h7xx_hal_i2c_ex.o
LOAD Drivers/STM32H7xx_HAL_Driver/Src/stm32h7xx_hal_mdma.o
LOAD Drivers/STM32H7xx_HAL_Driver/Src/stm32h7xx_hal_pcd.o
LOAD Drivers/STM32H7xx_HAL_Driver/Src/stm32h7xx_hal_pcd_ex.o
LOAD Drivers/STM32H7xx_HAL_Driver/Src/stm32h7xx_hal_pwr.o
LOAD Drivers/STM32H7xx_HAL_Driver/Src/stm32h7xx_hal_pwr_ex.o
LOAD Drivers/STM32H7xx_HAL_Driver/Src/stm32h7xx_hal_rcc.o
LOAD Drivers/STM32H7xx_HAL_Driver/Src/stm32h7xx_hal_rcc_ex.o
LOAD Drivers/STM32H7xx_HAL_Driver/Src/stm32h7xx_hal_tim.o
LOAD Drivers/STM32H7xx_HAL_Driver/Src/stm32h7xx_hal_tim_ex.o
LOAD Drivers/STM32H7xx_HAL_Driver/Src/stm32h7xx_hal_uart.o
LOAD Drivers/STM32H7xx_HAL_Driver/Src/stm32h7xx_hal_uart_ex.o
LOAD Drivers/STM32H7xx_HAL_Driver/Src/stm32h7xx_ll_usb.o
LOAD Middlewares/ST/STM32_USB_Device_Library/Class/CDC/Src/usbd_cdc.o
LOAD Middlewares/ST/STM32_USB_Device_Library/Core/Src/usbd_core.o
LOAD Middlewares/ST/STM32_USB_Device_Library/Core/Src/usbd_ctlreq.o
LOAD Middlewares/ST/STM32_USB_Device_Library/Core/Src/usbd_ioreq.o
LOAD USB_DEVICE/App/usb_device.o
LOAD USB_DEVICE/App/usbd_cdc_if.o
LOAD USB_DEVICE/App/usbd_desc.o
LOAD USB_DEVICE/Target/usbd_conf.o
START GROUP
LOAD c:/st/stm32cubeide_1.0.2/stm32cubeide/plugins/com.st.stm32cube.ide.mcu.externaltools.gnu-tools-for-stm32.7-2018-q2-update.win32_1.0.0.201904181610/tools/bin/../lib/gcc/arm-none-eabi/7.3.1/../../../../arm-none-eabi/lib/thumb/v7e-m/fpv5/hard\libc_nano.a
LOAD c:/st/stm32cubeide_1.0.2/stm32cubeide/plugins/com.st.stm32cube.ide.mcu.externaltools.gnu-tools-for-stm32.7-2018-q2-update.win32_1.0.0.201904181610/tools/bin/../lib/gcc/arm-none-eabi/7.3.1/../../../../arm-none-eabi/lib/thumb/v7e-m/fpv5/hard\libm.a
END GROUP
START GROUP
LOAD c:/st/stm32cubeide_1.0.2/stm32cubeide/plugins/com.st.stm32cube.ide.mcu.externaltools.gnu-tools-for-stm32.7-2018-q2-update.win32_1.0.0.201904181610/tools/bin/../lib/gcc/arm-none-eabi/7.3.1/thumb/v7e-m/fpv5/hard\libgcc.a
LOAD c:/st/stm32cubeide_1.0.2/stm32cubeide/plugins/com.st.stm32cube.ide.mcu.externaltools.gnu-tools-for-stm32.7-2018-q2-update.win32_1.0.0.201904181610/tools/bin/../lib/gcc/arm-none-eabi/7.3.1/../../../../arm-none-eabi/lib/thumb/v7e-m/fpv5/hard\libc_nano.a
END GROUP
START GROUP
LOAD c:/st/stm32cubeide_1.0.2/stm32cubeide/plugins/com.st.stm32cube.ide.mcu.externaltools.gnu-tools-for-stm32.7-2018-q2-update.win32_1.0.0.201904181610/tools/bin/../lib/gcc/arm-none-eabi/7.3.1/thumb/v7e-m/fpv5/hard\libgcc.a
LOAD c:/st/stm32cubeide_1.0.2/stm32cubeide/plugins/com.st.stm32cube.ide.mcu.externaltools.gnu-tools-for-stm32.7-2018-q2-update.win32_1.0.0.201904181610/tools/bin/../lib/gcc/arm-none-eabi/7.3.1/../../../../arm-none-eabi/lib/thumb/v7e-m/fpv5/hard\libc_nano.a
LOAD c:/st/stm32cubeide_1.0.2/stm32cubeide/plugins/com.st.stm32cube.ide.mcu.externaltools.gnu-tools-for-stm32.7-2018-q2-update.win32_1.0.0.201904181610/tools/bin/../lib/gcc/arm-none-eabi/7.3.1/../../../../arm-none-eabi/lib/thumb/v7e-m/fpv5/hard\libnosys.a
END GROUP
START GROUP
LOAD c:/st/stm32cubeide_1.0.2/stm32cubeide/plugins/com.st.stm32cube.ide.mcu.externaltools.gnu-tools-for-stm32.7-2018-q2-update.win32_1.0.0.201904181610/tools/bin/../lib/gcc/arm-none-eabi/7.3.1/thumb/v7e-m/fpv5/hard\libgcc.a
LOAD c:/st/stm32cubeide_1.0.2/stm32cubeide/plugins/com.st.stm32cube.ide.mcu.externaltools.gnu-tools-for-stm32.7-2018-q2-update.win32_1.0.0.201904181610/tools/bin/../lib/gcc/arm-none-eabi/7.3.1/../../../../arm-none-eabi/lib/thumb/v7e-m/fpv5/hard\libc_nano.a
LOAD c:/st/stm32cubeide_1.0.2/stm32cubeide/plugins/com.st.stm32cube.ide.mcu.externaltools.gnu-tools-for-stm32.7-2018-q2-update.win32_1.0.0.201904181610/tools/bin/../lib/gcc/arm-none-eabi/7.3.1/../../../../arm-none-eabi/lib/thumb/v7e-m/fpv5/hard\libnosys.a
END GROUP
LOAD c:/st/stm32cubeide_1.0.2/stm32cubeide/plugins/com.st.stm32cube.ide.mcu.externaltools.gnu-tools-for-stm32.7-2018-q2-update.win32_1.0.0.201904181610/tools/bin/../lib/gcc/arm-none-eabi/7.3.1/thumb/v7e-m/fpv5/hard/crtend.o
LOAD c:/st/stm32cubeide_1.0.2/stm32cubeide/plugins/com.st.stm32cube.ide.mcu.externaltools.gnu-tools-for-stm32.7-2018-q2-update.win32_1.0.0.201904181610/tools/bin/../lib/gcc/arm-none-eabi/7.3.1/thumb/v7e-m/fpv5/hard/crtn.o
                0x0000000024080000                _estack = (ORIGIN (RAM_D1) + LENGTH (RAM_D1))
                0x0000000000000200                _Min_Heap_Size = 0x200
                0x0000000000000400                _Min_Stack_Size = 0x400

.isr_vector     0x0000000008000000      0x298
                0x0000000008000000                . = ALIGN (0x4)
 *(.isr_vector)
 .isr_vector    0x0000000008000000      0x298 Core/Startup/startup_stm32h743zitx.o
                0x0000000008000000                g_pfnVectors
                0x0000000008000298                . = ALIGN (0x4)

.text           0x0000000008000298    0x1ef6c
                0x0000000008000298                . = ALIGN (0x4)
 *(.text)
 .text          0x0000000008000298       0x40 c:/st/stm32cubeide_1.0.2/stm32cubeide/plugins/com.st.stm32cube.ide.mcu.externaltools.gnu-tools-for-stm32.7-2018-q2-update.win32_1.0.0.201904181610/tools/bin/../lib/gcc/arm-none-eabi/7.3.1/thumb/v7e-m/fpv5/hard/crtbegin.o
 .text          0x00000000080002d8       0x10 c:/st/stm32cubeide_1.0.2/stm32cubeide/plugins/com.st.stm32cube.ide.mcu.externaltools.gnu-tools-for-stm32.7-2018-q2-update.win32_1.0.0.201904181610/tools/bin/../lib/gcc/arm-none-eabi/7.3.1/../../../../arm-none-eabi/lib/thumb/v7e-m/fpv5/hard\libc_nano.a(lib_a-strlen.o)
                0x00000000080002d8                strlen
 .text          0x00000000080002e8       0x30 c:/st/stm32cubeide_1.0.2/stm32cubeide/plugins/com.st.stm32cube.ide.mcu.externaltools.gnu-tools-for-stm32.7-2018-q2-update.win32_1.0.0.201904181610/tools/bin/../lib/gcc/arm-none-eabi/7.3.1/thumb/v7e-m/fpv5/hard\libgcc.a(_aeabi_uldivmod.o)
                0x00000000080002e8                __aeabi_uldivmod
 .text          0x0000000008000318      0x2cc c:/st/stm32cubeide_1.0.2/stm32cubeide/plugins/com.st.stm32cube.ide.mcu.externaltools.gnu-tools-for-stm32.7-2018-q2-update.win32_1.0.0.201904181610/tools/bin/../lib/gcc/arm-none-eabi/7.3.1/thumb/v7e-m/fpv5/hard\libgcc.a(_udivmoddi4.o)
                0x0000000008000318                __udivmoddi4
 .text          0x00000000080005e4        0x4 c:/st/stm32cubeide_1.0.2/stm32cubeide/plugins/com.st.stm32cube.ide.mcu.externaltools.gnu-tools-for-stm32.7-2018-q2-update.win32_1.0.0.201904181610/tools/bin/../lib/gcc/arm-none-eabi/7.3.1/thumb/v7e-m/fpv5/hard\libgcc.a(_dvmd_tls.o)
                0x00000000080005e4                __aeabi_idiv0
                0x00000000080005e4                __aeabi_ldiv0
 *(.text*)
 .text.HAL_GPIO_EXTI_Callback
                0x00000000080005e8      0x4e4 Core/Src/main.o
                0x00000000080005e8                HAL_GPIO_EXTI_Callback
 .text.PWM3_change_duty_cycle
                0x0000000008000acc       0xa4 Core/Src/main.o
                0x0000000008000acc                PWM3_change_duty_cycle
 .text.HAL_TIM_PeriodElapsedCallback
                0x0000000008000b70      0x1e8 Core/Src/main.o
                0x0000000008000b70                HAL_TIM_PeriodElapsedCallback
 .text.Joint_controller
                0x0000000008000d58      0x214 Core/Src/main.o
                0x0000000008000d58                Joint_controller
 .text.main     0x0000000008000f6c      0x2c8 Core/Src/main.o
                0x0000000008000f6c                main
 .text.SystemClock_Config
                0x0000000008001234      0x17c Core/Src/main.o
                0x0000000008001234                SystemClock_Config
 .text.MX_TIM1_Init
                0x00000000080013b0      0x138 Core/Src/main.o
 .text.MX_TIM2_Init
                0x00000000080014e8       0xb4 Core/Src/main.o
 .text.MX_TIM3_Init
                0x000000000800159c       0xe4 Core/Src/main.o
 .text.MX_TIM5_Init
                0x0000000008001680       0xb8 Core/Src/main.o
 .text.MX_TIM7_Init
                0x0000000008001738       0x80 Core/Src/main.o
 .text.MX_USART1_UART_Init
                0x00000000080017b8       0x98 Core/Src/main.o
 .text.MX_USART3_UART_Init
                0x0000000008001850       0x98 Core/Src/main.o
 .text.MX_GPIO_Init
                0x00000000080018e8      0x390 Core/Src/main.o
 .text.Error_Handler
                0x0000000008001c78        0xe Core/Src/main.o
                0x0000000008001c78                Error_Handler
 *fill*         0x0000000008001c86        0x2 
 .text.HAL_MspInit
                0x0000000008001c88       0x34 Core/Src/stm32h7xx_hal_msp.o
                0x0000000008001c88                HAL_MspInit
 .text.HAL_TIM_PWM_MspInit
                0x0000000008001cbc       0xcc Core/Src/stm32h7xx_hal_msp.o
                0x0000000008001cbc                HAL_TIM_PWM_MspInit
 .text.HAL_TIM_Base_MspInit
                0x0000000008001d88       0x50 Core/Src/stm32h7xx_hal_msp.o
                0x0000000008001d88                HAL_TIM_Base_MspInit
 .text.HAL_TIM_MspPostInit
                0x0000000008001dd8      0x1a4 Core/Src/stm32h7xx_hal_msp.o
                0x0000000008001dd8                HAL_TIM_MspPostInit
 .text.HAL_UART_MspInit
                0x0000000008001f7c      0x138 Core/Src/stm32h7xx_hal_msp.o
                0x0000000008001f7c                HAL_UART_MspInit
 .text.NMI_Handler
                0x00000000080020b4        0xe Core/Src/stm32h7xx_it.o
                0x00000000080020b4                NMI_Handler
 .text.HardFault_Handler
                0x00000000080020c2        0x6 Core/Src/stm32h7xx_it.o
                0x00000000080020c2                HardFault_Handler
 .text.MemManage_Handler
                0x00000000080020c8        0x6 Core/Src/stm32h7xx_it.o
                0x00000000080020c8                MemManage_Handler
 .text.BusFault_Handler
                0x00000000080020ce        0x6 Core/Src/stm32h7xx_it.o
                0x00000000080020ce                BusFault_Handler
 .text.UsageFault_Handler
                0x00000000080020d4        0x6 Core/Src/stm32h7xx_it.o
                0x00000000080020d4                UsageFault_Handler
 .text.SVC_Handler
                0x00000000080020da        0xe Core/Src/stm32h7xx_it.o
                0x00000000080020da                SVC_Handler
 .text.DebugMon_Handler
                0x00000000080020e8        0xe Core/Src/stm32h7xx_it.o
                0x00000000080020e8                DebugMon_Handler
 .text.PendSV_Handler
                0x00000000080020f6        0xe Core/Src/stm32h7xx_it.o
                0x00000000080020f6                PendSV_Handler
 .text.SysTick_Handler
                0x0000000008002104        0xc Core/Src/stm32h7xx_it.o
                0x0000000008002104                SysTick_Handler
 .text.EXTI0_IRQHandler
                0x0000000008002110        0xe Core/Src/stm32h7xx_it.o
                0x0000000008002110                EXTI0_IRQHandler
 .text.EXTI1_IRQHandler
                0x000000000800211e        0xe Core/Src/stm32h7xx_it.o
                0x000000000800211e                EXTI1_IRQHandler
 .text.EXTI2_IRQHandler
                0x000000000800212c        0xe Core/Src/stm32h7xx_it.o
                0x000000000800212c                EXTI2_IRQHandler
 .text.EXTI3_IRQHandler
                0x000000000800213a        0xe Core/Src/stm32h7xx_it.o
                0x000000000800213a                EXTI3_IRQHandler
 .text.EXTI4_IRQHandler
                0x0000000008002148        0xe Core/Src/stm32h7xx_it.o
                0x0000000008002148                EXTI4_IRQHandler
 .text.EXTI9_5_IRQHandler
                0x0000000008002156       0x14 Core/Src/stm32h7xx_it.o
                0x0000000008002156                EXTI9_5_IRQHandler
 *fill*         0x000000000800216a        0x2 
 .text.USART3_IRQHandler
                0x000000000800216c       0x14 Core/Src/stm32h7xx_it.o
                0x000000000800216c                USART3_IRQHandler
 .text.TIM7_IRQHandler
                0x0000000008002180       0x14 Core/Src/stm32h7xx_it.o
                0x0000000008002180                TIM7_IRQHandler
 .text.OTG_FS_IRQHandler
                0x0000000008002194       0x14 Core/Src/stm32h7xx_it.o
                0x0000000008002194                OTG_FS_IRQHandler
 .text._sbrk    0x00000000080021a8       0x58 Core/Src/sysmem.o
                0x00000000080021a8                _sbrk
 .text.SystemInit
                0x0000000008002200       0xc4 Core/Src/system_stm32h7xx.o
                0x0000000008002200                SystemInit
 .text.Reset_Handler
                0x00000000080022c4       0x50 Core/Startup/startup_stm32h743zitx.o
                0x00000000080022c4                Reset_Handler
 .text.Default_Handler
                0x0000000008002314        0x2 Core/Startup/startup_stm32h743zitx.o
                0x0000000008002314                RTC_Alarm_IRQHandler
                0x0000000008002314                TIM8_CC_IRQHandler
                0x0000000008002314                HRTIM1_Master_IRQHandler
                0x0000000008002314                UART8_IRQHandler
                0x0000000008002314                SPI4_IRQHandler
                0x0000000008002314                TIM1_CC_IRQHandler
                0x0000000008002314                BDMA_Channel6_IRQHandler
                0x0000000008002314                DMA2_Stream5_IRQHandler
                0x0000000008002314                HRTIM1_FLT_IRQHandler
                0x0000000008002314                JPEG_IRQHandler
                0x0000000008002314                DMA1_Stream5_IRQHandler
                0x0000000008002314                BDMA_Channel1_IRQHandler
                0x0000000008002314                HRTIM1_TIMD_IRQHandler
                0x0000000008002314                TAMP_STAMP_IRQHandler
                0x0000000008002314                LPTIM4_IRQHandler
                0x0000000008002314                TIM8_TRG_COM_TIM14_IRQHandler
                0x0000000008002314                LPTIM2_IRQHandler
                0x0000000008002314                DFSDM1_FLT1_IRQHandler
                0x0000000008002314                DMAMUX2_OVR_IRQHandler
                0x0000000008002314                TIM8_UP_TIM13_IRQHandler
                0x0000000008002314                I2C3_ER_IRQHandler
                0x0000000008002314                DFSDM1_FLT2_IRQHandler
                0x0000000008002314                MDMA_IRQHandler
                0x0000000008002314                LPTIM3_IRQHandler
                0x0000000008002314                HSEM1_IRQHandler
                0x0000000008002314                I2C2_EV_IRQHandler
                0x0000000008002314                DMA1_Stream2_IRQHandler
                0x0000000008002314                FPU_IRQHandler
                0x0000000008002314                OTG_HS_WKUP_IRQHandler
                0x0000000008002314                FDCAN1_IT1_IRQHandler
                0x0000000008002314                LTDC_ER_IRQHandler
                0x0000000008002314                DMA2_Stream2_IRQHandler
                0x0000000008002314                HRTIM1_TIME_IRQHandler
                0x0000000008002314                SPI1_IRQHandler
                0x0000000008002314                TIM6_DAC_IRQHandler
                0x0000000008002314                DCMI_IRQHandler
                0x0000000008002314                HRTIM1_TIMC_IRQHandler
                0x0000000008002314                DMA2_Stream3_IRQHandler
                0x0000000008002314                SAI2_IRQHandler
                0x0000000008002314                DFSDM1_FLT3_IRQHandler
                0x0000000008002314                USART6_IRQHandler
                0x0000000008002314                TIM17_IRQHandler
                0x0000000008002314                BDMA_Channel7_IRQHandler
                0x0000000008002314                LPTIM5_IRQHandler
                0x0000000008002314                UART5_IRQHandler
                0x0000000008002314                ADC3_IRQHandler
                0x0000000008002314                DMA2_Stream0_IRQHandler
                0x0000000008002314                TIM4_IRQHandler
                0x0000000008002314                BDMA_Channel2_IRQHandler
                0x0000000008002314                QUADSPI_IRQHandler
                0x0000000008002314                I2C1_EV_IRQHandler
                0x0000000008002314                DMA1_Stream6_IRQHandler
                0x0000000008002314                DMAMUX1_OVR_IRQHandler
                0x0000000008002314                DMA1_Stream1_IRQHandler
                0x0000000008002314                TIM16_IRQHandler
                0x0000000008002314                UART4_IRQHandler
                0x0000000008002314                BDMA_Channel5_IRQHandler
                0x0000000008002314                TIM3_IRQHandler
                0x0000000008002314                RCC_IRQHandler
                0x0000000008002314                TIM8_BRK_TIM12_IRQHandler
                0x0000000008002314                TIM1_TRG_COM_IRQHandler
                0x0000000008002314                Default_Handler
                0x0000000008002314                ECC_IRQHandler
                0x0000000008002314                CEC_IRQHandler
                0x0000000008002314                EXTI15_10_IRQHandler
                0x0000000008002314                BDMA_Channel0_IRQHandler
                0x0000000008002314                ADC_IRQHandler
                0x0000000008002314                DMA1_Stream7_IRQHandler
                0x0000000008002314                HRTIM1_TIMA_IRQHandler
                0x0000000008002314                SPI5_IRQHandler
                0x0000000008002314                SDMMC1_IRQHandler
                0x0000000008002314                TIM5_IRQHandler
                0x0000000008002314                DMA2_Stream7_IRQHandler
                0x0000000008002314                TIM15_IRQHandler
                0x0000000008002314                PVD_AVD_IRQHandler
                0x0000000008002314                I2C3_EV_IRQHandler
                0x0000000008002314                RTC_WKUP_IRQHandler
                0x0000000008002314                LTDC_IRQHandler
                0x0000000008002314                SAI3_IRQHandler
                0x0000000008002314                ETH_WKUP_IRQHandler
                0x0000000008002314                SPDIF_RX_IRQHandler
                0x0000000008002314                SPI2_IRQHandler
                0x0000000008002314                OTG_HS_EP1_IN_IRQHandler
                0x0000000008002314                DMA1_Stream0_IRQHandler
                0x0000000008002314                CRS_IRQHandler
                0x0000000008002314                RNG_IRQHandler
                0x0000000008002314                HRTIM1_TIMB_IRQHandler
                0x0000000008002314                FDCAN2_IT1_IRQHandler
                0x0000000008002314                ETH_IRQHandler
                0x0000000008002314                TIM1_UP_IRQHandler
                0x0000000008002314                BDMA_Channel4_IRQHandler
                0x0000000008002314                OTG_HS_EP1_OUT_IRQHandler
                0x0000000008002314                WWDG_IRQHandler
                0x0000000008002314                SPI6_IRQHandler
                0x0000000008002314                MDIOS_IRQHandler
                0x0000000008002314                I2C4_EV_IRQHandler
                0x0000000008002314                FDCAN2_IT0_IRQHandler
                0x0000000008002314                LPUART1_IRQHandler
                0x0000000008002314                FDCAN1_IT0_IRQHandler
                0x0000000008002314                TIM2_IRQHandler
                0x0000000008002314                OTG_FS_WKUP_IRQHandler
                0x0000000008002314                OTG_HS_IRQHandler
                0x0000000008002314                DMA2D_IRQHandler
                0x0000000008002314                TIM1_BRK_IRQHandler
                0x0000000008002314                SDMMC2_IRQHandler
                0x0000000008002314                OTG_FS_EP1_OUT_IRQHandler
                0x0000000008002314                BDMA_Channel3_IRQHandler
                0x0000000008002314                UART7_IRQHandler
                0x0000000008002314                MDIOS_WKUP_IRQHandler
                0x0000000008002314                USART2_IRQHandler
                0x0000000008002314                DFSDM1_FLT0_IRQHandler
                0x0000000008002314                SAI4_IRQHandler
                0x0000000008002314                I2C2_ER_IRQHandler
                0x0000000008002314                DMA2_Stream1_IRQHandler
                0x0000000008002314                FLASH_IRQHandler
                0x0000000008002314                DMA2_Stream4_IRQHandler
                0x0000000008002314                USART1_IRQHandler
                0x0000000008002314                SPI3_IRQHandler
                0x0000000008002314                WAKEUP_PIN_IRQHandler
                0x0000000008002314                DMA1_Stream4_IRQHandler
                0x0000000008002314                OTG_FS_EP1_IN_IRQHandler
                0x0000000008002314                I2C1_ER_IRQHandler
                0x0000000008002314                FMC_IRQHandler
                0x0000000008002314                FDCAN_CAL_IRQHandler
                0x0000000008002314                SWPMI1_IRQHandler
                0x0000000008002314                COMP1_IRQHandler
                0x0000000008002314                LPTIM1_IRQHandler
                0x0000000008002314                I2C4_ER_IRQHandler
                0x0000000008002314                DMA2_Stream6_IRQHandler
                0x0000000008002314                SAI1_IRQHandler
                0x0000000008002314                DMA1_Stream3_IRQHandler
 *fill*         0x0000000008002316        0x2 
 .text.G_q      0x0000000008002318    0x10200 Core/external/G_q.o
                0x0000000008002318                G_q
 .text.G_q_initialize
                0x0000000008012518       0x18 Core/external/G_q_initialize.o
                0x0000000008012518                G_q_initialize
 .text.b_exp    0x0000000008012530      0x10c Core/external/exp.o
                0x0000000008012530                b_exp
 .text.rt_InitInfAndNaN
                0x000000000801263c       0x70 Core/external/rt_nonfinite.o
                0x000000000801263c                rt_InitInfAndNaN
 *fill*         0x00000000080126ac        0x4 
 .text.rtIsInf  0x00000000080126b0       0x48 Core/external/rt_nonfinite.o
                0x00000000080126b0                rtIsInf
 .text.HAL_Init
                0x00000000080126f8       0x78 Drivers/STM32H7xx_HAL_Driver/Src/stm32h7xx_hal.o
                0x00000000080126f8                HAL_Init
 .text.HAL_InitTick
                0x0000000008012770       0x6c Drivers/STM32H7xx_HAL_Driver/Src/stm32h7xx_hal.o
                0x0000000008012770                HAL_InitTick
 .text.HAL_IncTick
                0x00000000080127dc       0x28 Drivers/STM32H7xx_HAL_Driver/Src/stm32h7xx_hal.o
                0x00000000080127dc                HAL_IncTick
 .text.HAL_GetTick
                0x0000000008012804       0x18 Drivers/STM32H7xx_HAL_Driver/Src/stm32h7xx_hal.o
                0x0000000008012804                HAL_GetTick
 .text.HAL_Delay
                0x000000000801281c       0x44 Drivers/STM32H7xx_HAL_Driver/Src/stm32h7xx_hal.o
                0x000000000801281c                HAL_Delay
 .text.HAL_GetREVID
                0x0000000008012860       0x18 Drivers/STM32H7xx_HAL_Driver/Src/stm32h7xx_hal.o
                0x0000000008012860                HAL_GetREVID
 .text.__NVIC_SetPriorityGrouping
                0x0000000008012878       0x48 Drivers/STM32H7xx_HAL_Driver/Src/stm32h7xx_hal_cortex.o
 .text.__NVIC_GetPriorityGrouping
                0x00000000080128c0       0x1c Drivers/STM32H7xx_HAL_Driver/Src/stm32h7xx_hal_cortex.o
 .text.__NVIC_EnableIRQ
                0x00000000080128dc       0x3c Drivers/STM32H7xx_HAL_Driver/Src/stm32h7xx_hal_cortex.o
 .text.__NVIC_SetPriority
                0x0000000008012918       0x54 Drivers/STM32H7xx_HAL_Driver/Src/stm32h7xx_hal_cortex.o
 .text.NVIC_EncodePriority
                0x000000000801296c       0x66 Drivers/STM32H7xx_HAL_Driver/Src/stm32h7xx_hal_cortex.o
 *fill*         0x00000000080129d2        0x2 
 .text.SysTick_Config
                0x00000000080129d4       0x44 Drivers/STM32H7xx_HAL_Driver/Src/stm32h7xx_hal_cortex.o
 .text.HAL_NVIC_SetPriorityGrouping
                0x0000000008012a18       0x16 Drivers/STM32H7xx_HAL_Driver/Src/stm32h7xx_hal_cortex.o
                0x0000000008012a18                HAL_NVIC_SetPriorityGrouping
 .text.HAL_NVIC_SetPriority
                0x0000000008012a2e       0x34 Drivers/STM32H7xx_HAL_Driver/Src/stm32h7xx_hal_cortex.o
                0x0000000008012a2e                HAL_NVIC_SetPriority
 .text.HAL_NVIC_EnableIRQ
                0x0000000008012a62       0x1c Drivers/STM32H7xx_HAL_Driver/Src/stm32h7xx_hal_cortex.o
                0x0000000008012a62                HAL_NVIC_EnableIRQ
 .text.HAL_SYSTICK_Config
                0x0000000008012a7e       0x18 Drivers/STM32H7xx_HAL_Driver/Src/stm32h7xx_hal_cortex.o
                0x0000000008012a7e                HAL_SYSTICK_Config
 *fill*         0x0000000008012a96        0x2 
 .text.HAL_DMA_Abort_IT
                0x0000000008012a98      0x488 Drivers/STM32H7xx_HAL_Driver/Src/stm32h7xx_hal_dma.o
                0x0000000008012a98                HAL_DMA_Abort_IT
 .text.HAL_GPIO_Init
                0x0000000008012f20      0x360 Drivers/STM32H7xx_HAL_Driver/Src/stm32h7xx_hal_gpio.o
                0x0000000008012f20                HAL_GPIO_Init
 .text.HAL_GPIO_ReadPin
                0x0000000008013280       0x30 Drivers/STM32H7xx_HAL_Driver/Src/stm32h7xx_hal_gpio.o
                0x0000000008013280                HAL_GPIO_ReadPin
 .text.HAL_GPIO_WritePin
                0x00000000080132b0       0x32 Drivers/STM32H7xx_HAL_Driver/Src/stm32h7xx_hal_gpio.o
                0x00000000080132b0                HAL_GPIO_WritePin
 .text.HAL_GPIO_EXTI_IRQHandler
                0x00000000080132e2       0x34 Drivers/STM32H7xx_HAL_Driver/Src/stm32h7xx_hal_gpio.o
                0x00000000080132e2                HAL_GPIO_EXTI_IRQHandler
 .text.HAL_PCD_Init
                0x0000000008013316      0x248 Drivers/STM32H7xx_HAL_Driver/Src/stm32h7xx_hal_pcd.o
                0x0000000008013316                HAL_PCD_Init
 .text.HAL_PCD_Start
                0x000000000801355e       0x66 Drivers/STM32H7xx_HAL_Driver/Src/stm32h7xx_hal_pcd.o
                0x000000000801355e                HAL_PCD_Start
 .text.HAL_PCD_IRQHandler
                0x00000000080135c4      0x7be Drivers/STM32H7xx_HAL_Driver/Src/stm32h7xx_hal_pcd.o
                0x00000000080135c4                HAL_PCD_IRQHandler
 .text.HAL_PCD_SetAddress
                0x0000000008013d82       0x4a Drivers/STM32H7xx_HAL_Driver/Src/stm32h7xx_hal_pcd.o
                0x0000000008013d82                HAL_PCD_SetAddress
 .text.HAL_PCD_EP_Open
                0x0000000008013dcc       0xd0 Drivers/STM32H7xx_HAL_Driver/Src/stm32h7xx_hal_pcd.o
                0x0000000008013dcc                HAL_PCD_EP_Open
 .text.HAL_PCD_EP_Close
                0x0000000008013e9c       0x94 Drivers/STM32H7xx_HAL_Driver/Src/stm32h7xx_hal_pcd.o
                0x0000000008013e9c                HAL_PCD_EP_Close
 .text.HAL_PCD_EP_Receive
                0x0000000008013f30       0x96 Drivers/STM32H7xx_HAL_Driver/Src/stm32h7xx_hal_pcd.o
                0x0000000008013f30                HAL_PCD_EP_Receive
 .text.HAL_PCD_EP_GetRxCount
                0x0000000008013fc6       0x30 Drivers/STM32H7xx_HAL_Driver/Src/stm32h7xx_hal_pcd.o
                0x0000000008013fc6                HAL_PCD_EP_GetRxCount
 .text.HAL_PCD_EP_Transmit
                0x0000000008013ff6       0x94 Drivers/STM32H7xx_HAL_Driver/Src/stm32h7xx_hal_pcd.o
                0x0000000008013ff6                HAL_PCD_EP_Transmit
 .text.HAL_PCD_EP_SetStall
                0x000000000801408a       0xc8 Drivers/STM32H7xx_HAL_Driver/Src/stm32h7xx_hal_pcd.o
                0x000000000801408a                HAL_PCD_EP_SetStall
 .text.HAL_PCD_EP_ClrStall
                0x0000000008014152       0xac Drivers/STM32H7xx_HAL_Driver/Src/stm32h7xx_hal_pcd.o
                0x0000000008014152                HAL_PCD_EP_ClrStall
 .text.PCD_WriteEmptyTxFifo
                0x00000000080141fe      0x11a Drivers/STM32H7xx_HAL_Driver/Src/stm32h7xx_hal_pcd.o
 .text.PCD_EP_OutXfrComplete_int
                0x0000000008014318      0x218 Drivers/STM32H7xx_HAL_Driver/Src/stm32h7xx_hal_pcd.o
 .text.PCD_EP_OutSetupPacket_int
                0x0000000008014530       0x8c Drivers/STM32H7xx_HAL_Driver/Src/stm32h7xx_hal_pcd.o
 .text.HAL_PCDEx_SetTxFiFo
                0x00000000080145bc       0x8e Drivers/STM32H7xx_HAL_Driver/Src/stm32h7xx_hal_pcd_ex.o
                0x00000000080145bc                HAL_PCDEx_SetTxFiFo
 .text.HAL_PCDEx_SetRxFiFo
                0x000000000801464a       0x22 Drivers/STM32H7xx_HAL_Driver/Src/stm32h7xx_hal_pcd_ex.o
                0x000000000801464a                HAL_PCDEx_SetRxFiFo
 .text.HAL_PCDEx_ActivateLPM
                0x000000000801466c       0x48 Drivers/STM32H7xx_HAL_Driver/Src/stm32h7xx_hal_pcd_ex.o
                0x000000000801466c                HAL_PCDEx_ActivateLPM
 .text.HAL_PCDEx_LPM_Callback
                0x00000000080146b4       0x18 Drivers/STM32H7xx_HAL_Driver/Src/stm32h7xx_hal_pcd_ex.o
                0x00000000080146b4                HAL_PCDEx_LPM_Callback
 .text.HAL_PWREx_ConfigSupply
                0x00000000080146cc       0x74 Drivers/STM32H7xx_HAL_Driver/Src/stm32h7xx_hal_pwr_ex.o
                0x00000000080146cc                HAL_PWREx_ConfigSupply
 .text.HAL_PWREx_EnableUSBVoltageDetector
                0x0000000008014740       0x20 Drivers/STM32H7xx_HAL_Driver/Src/stm32h7xx_hal_pwr_ex.o
                0x0000000008014740                HAL_PWREx_EnableUSBVoltageDetector
 .text.HAL_RCC_OscConfig
                0x0000000008014760      0x7b0 Drivers/STM32H7xx_HAL_Driver/Src/stm32h7xx_hal_rcc.o
                0x0000000008014760                HAL_RCC_OscConfig
 .text.HAL_RCC_ClockConfig
                0x0000000008014f10      0x36c Drivers/STM32H7xx_HAL_Driver/Src/stm32h7xx_hal_rcc.o
                0x0000000008014f10                HAL_RCC_ClockConfig
 .text.HAL_RCC_GetSysClockFreq
                0x000000000801527c      0x2e4 Drivers/STM32H7xx_HAL_Driver/Src/stm32h7xx_hal_rcc.o
                0x000000000801527c                HAL_RCC_GetSysClockFreq
 .text.HAL_RCC_GetHCLKFreq
                0x0000000008015560       0x60 Drivers/STM32H7xx_HAL_Driver/Src/stm32h7xx_hal_rcc.o
                0x0000000008015560                HAL_RCC_GetHCLKFreq
 .text.HAL_RCC_GetPCLK1Freq
                0x00000000080155c0       0x2c Drivers/STM32H7xx_HAL_Driver/Src/stm32h7xx_hal_rcc.o
                0x00000000080155c0                HAL_RCC_GetPCLK1Freq
 .text.HAL_RCC_GetPCLK2Freq
                0x00000000080155ec       0x2c Drivers/STM32H7xx_HAL_Driver/Src/stm32h7xx_hal_rcc.o
                0x00000000080155ec                HAL_RCC_GetPCLK2Freq
 .text.HAL_RCCEx_PeriphCLKConfig
                0x0000000008015618      0xdbc Drivers/STM32H7xx_HAL_Driver/Src/stm32h7xx_hal_rcc_ex.o
                0x0000000008015618                HAL_RCCEx_PeriphCLKConfig
 .text.HAL_RCCEx_GetD3PCLK1Freq
                0x00000000080163d4       0x2c Drivers/STM32H7xx_HAL_Driver/Src/stm32h7xx_hal_rcc_ex.o
                0x00000000080163d4                HAL_RCCEx_GetD3PCLK1Freq
 .text.HAL_RCCEx_GetPLL2ClockFreq
                0x0000000008016400      0x298 Drivers/STM32H7xx_HAL_Driver/Src/stm32h7xx_hal_rcc_ex.o
                0x0000000008016400                HAL_RCCEx_GetPLL2ClockFreq
 .text.HAL_RCCEx_GetPLL3ClockFreq
                0x0000000008016698      0x298 Drivers/STM32H7xx_HAL_Driver/Src/stm32h7xx_hal_rcc_ex.o
                0x0000000008016698                HAL_RCCEx_GetPLL3ClockFreq
 .text.RCCEx_PLL2_Config
                0x0000000008016930      0x164 Drivers/STM32H7xx_HAL_Driver/Src/stm32h7xx_hal_rcc_ex.o
 .text.RCCEx_PLL3_Config
                0x0000000008016a94      0x164 Drivers/STM32H7xx_HAL_Driver/Src/stm32h7xx_hal_rcc_ex.o
 .text.HAL_TIM_Base_Init
                0x0000000008016bf8       0x56 Drivers/STM32H7xx_HAL_Driver/Src/stm32h7xx_hal_tim.o
                0x0000000008016bf8                HAL_TIM_Base_Init
 *fill*         0x0000000008016c4e        0x2 
 .text.HAL_TIM_Base_Start_IT
                0x0000000008016c50       0x54 Drivers/STM32H7xx_HAL_Driver/Src/stm32h7xx_hal_tim.o
                0x0000000008016c50                HAL_TIM_Base_Start_IT
 .text.HAL_TIM_PWM_Init
                0x0000000008016ca4       0x56 Drivers/STM32H7xx_HAL_Driver/Src/stm32h7xx_hal_tim.o
                0x0000000008016ca4                HAL_TIM_PWM_Init
 *fill*         0x0000000008016cfa        0x2 
 .text.HAL_TIM_PWM_Start
                0x0000000008016cfc       0xb0 Drivers/STM32H7xx_HAL_Driver/Src/stm32h7xx_hal_tim.o
                0x0000000008016cfc                HAL_TIM_PWM_Start
 .text.HAL_TIM_IRQHandler
                0x0000000008016dac      0x23e Drivers/STM32H7xx_HAL_Driver/Src/stm32h7xx_hal_tim.o
                0x0000000008016dac                HAL_TIM_IRQHandler
 *fill*         0x0000000008016fea        0x2 
 .text.HAL_TIM_PWM_ConfigChannel
                0x0000000008016fec      0x230 Drivers/STM32H7xx_HAL_Driver/Src/stm32h7xx_hal_tim.o
                0x0000000008016fec                HAL_TIM_PWM_ConfigChannel
 .text.HAL_TIM_OC_DelayElapsedCallback
                0x000000000801721c       0x14 Drivers/STM32H7xx_HAL_Driver/Src/stm32h7xx_hal_tim.o
                0x000000000801721c                HAL_TIM_OC_DelayElapsedCallback
 .text.HAL_TIM_IC_CaptureCallback
                0x0000000008017230       0x14 Drivers/STM32H7xx_HAL_Driver/Src/stm32h7xx_hal_tim.o
                0x0000000008017230                HAL_TIM_IC_CaptureCallback
 .text.HAL_TIM_PWM_PulseFinishedCallback
                0x0000000008017244       0x14 Drivers/STM32H7xx_HAL_Driver/Src/stm32h7xx_hal_tim.o
                0x0000000008017244                HAL_TIM_PWM_PulseFinishedCallback
 .text.HAL_TIM_TriggerCallback
                0x0000000008017258       0x14 Drivers/STM32H7xx_HAL_Driver/Src/stm32h7xx_hal_tim.o
                0x0000000008017258                HAL_TIM_TriggerCallback
 .text.TIM_Base_SetConfig
                0x000000000801726c      0x134 Drivers/STM32H7xx_HAL_Driver/Src/stm32h7xx_hal_tim.o
                0x000000000801726c                TIM_Base_SetConfig
 .text.TIM_OC1_SetConfig
                0x00000000080173a0      0x120 Drivers/STM32H7xx_HAL_Driver/Src/stm32h7xx_hal_tim.o
 .text.TIM_OC2_SetConfig
                0x00000000080174c0      0x114 Drivers/STM32H7xx_HAL_Driver/Src/stm32h7xx_hal_tim.o
                0x00000000080174c0                TIM_OC2_SetConfig
 .text.TIM_OC3_SetConfig
                0x00000000080175d4      0x10c Drivers/STM32H7xx_HAL_Driver/Src/stm32h7xx_hal_tim.o
 .text.TIM_OC4_SetConfig
                0x00000000080176e0       0xd0 Drivers/STM32H7xx_HAL_Driver/Src/stm32h7xx_hal_tim.o
 .text.TIM_OC5_SetConfig
                0x00000000080177b0       0xc4 Drivers/STM32H7xx_HAL_Driver/Src/stm32h7xx_hal_tim.o
 .text.TIM_OC6_SetConfig
                0x0000000008017874       0xc8 Drivers/STM32H7xx_HAL_Driver/Src/stm32h7xx_hal_tim.o
 .text.TIM_CCxChannelCmd
                0x000000000801793c       0x4a Drivers/STM32H7xx_HAL_Driver/Src/stm32h7xx_hal_tim.o
                0x000000000801793c                TIM_CCxChannelCmd
 *fill*         0x0000000008017986        0x2 
 .text.HAL_TIMEx_MasterConfigSynchronization
                0x0000000008017988      0x110 Drivers/STM32H7xx_HAL_Driver/Src/stm32h7xx_hal_tim_ex.o
                0x0000000008017988                HAL_TIMEx_MasterConfigSynchronization
 .text.HAL_TIMEx_ConfigBreakDeadTime
                0x0000000008017a98       0xfc Drivers/STM32H7xx_HAL_Driver/Src/stm32h7xx_hal_tim_ex.o
                0x0000000008017a98                HAL_TIMEx_ConfigBreakDeadTime
 .text.HAL_TIMEx_CommutCallback
                0x0000000008017b94       0x14 Drivers/STM32H7xx_HAL_Driver/Src/stm32h7xx_hal_tim_ex.o
                0x0000000008017b94                HAL_TIMEx_CommutCallback
 .text.HAL_TIMEx_BreakCallback
                0x0000000008017ba8       0x14 Drivers/STM32H7xx_HAL_Driver/Src/stm32h7xx_hal_tim_ex.o
                0x0000000008017ba8                HAL_TIMEx_BreakCallback
 .text.HAL_TIMEx_Break2Callback
                0x0000000008017bbc       0x14 Drivers/STM32H7xx_HAL_Driver/Src/stm32h7xx_hal_tim_ex.o
                0x0000000008017bbc                HAL_TIMEx_Break2Callback
 .text.HAL_UART_Init
                0x0000000008017bd0       0xa0 Drivers/STM32H7xx_HAL_Driver/Src/stm32h7xx_hal_uart.o
                0x0000000008017bd0                HAL_UART_Init
 .text.HAL_UART_IRQHandler
                0x0000000008017c70      0x300 Drivers/STM32H7xx_HAL_Driver/Src/stm32h7xx_hal_uart.o
                0x0000000008017c70                HAL_UART_IRQHandler
 .text.HAL_UART_TxCpltCallback
                0x0000000008017f70       0x14 Drivers/STM32H7xx_HAL_Driver/Src/stm32h7xx_hal_uart.o
                0x0000000008017f70                HAL_UART_TxCpltCallback
 .text.HAL_UART_ErrorCallback
                0x0000000008017f84       0x14 Drivers/STM32H7xx_HAL_Driver/Src/stm32h7xx_hal_uart.o
                0x0000000008017f84                HAL_UART_ErrorCallback
 .text.UART_SetConfig
                0x0000000008017f98     0x22fc Drivers/STM32H7xx_HAL_Driver/Src/stm32h7xx_hal_uart.o
                0x0000000008017f98                UART_SetConfig
 .text.UART_AdvFeatureConfig
                0x000000000801a294      0x144 Drivers/STM32H7xx_HAL_Driver/Src/stm32h7xx_hal_uart.o
                0x000000000801a294                UART_AdvFeatureConfig
 .text.UART_CheckIdleState
                0x000000000801a3d8       0x90 Drivers/STM32H7xx_HAL_Driver/Src/stm32h7xx_hal_uart.o
                0x000000000801a3d8                UART_CheckIdleState
 .text.UART_WaitOnFlagUntilTimeout
                0x000000000801a468      0x100 Drivers/STM32H7xx_HAL_Driver/Src/stm32h7xx_hal_uart.o
                0x000000000801a468                UART_WaitOnFlagUntilTimeout
 .text.UART_EndRxTransfer
                0x000000000801a568       0x48 Drivers/STM32H7xx_HAL_Driver/Src/stm32h7xx_hal_uart.o
 .text.UART_DMAAbortOnError
                0x000000000801a5b0       0x2c Drivers/STM32H7xx_HAL_Driver/Src/stm32h7xx_hal_uart.o
 .text.UART_EndTransmit_IT
                0x000000000801a5dc       0x34 Drivers/STM32H7xx_HAL_Driver/Src/stm32h7xx_hal_uart.o
 .text.HAL_UARTEx_WakeupCallback
                0x000000000801a610       0x14 Drivers/STM32H7xx_HAL_Driver/Src/stm32h7xx_hal_uart_ex.o
                0x000000000801a610                HAL_UARTEx_WakeupCallback
 .text.HAL_UARTEx_RxFifoFullCallback
                0x000000000801a624       0x14 Drivers/STM32H7xx_HAL_Driver/Src/stm32h7xx_hal_uart_ex.o
                0x000000000801a624                HAL_UARTEx_RxFifoFullCallback
 .text.HAL_UARTEx_TxFifoEmptyCallback
                0x000000000801a638       0x14 Drivers/STM32H7xx_HAL_Driver/Src/stm32h7xx_hal_uart_ex.o
                0x000000000801a638                HAL_UARTEx_TxFifoEmptyCallback
 .text.HAL_UARTEx_DisableFifoMode
                0x000000000801a64c       0x72 Drivers/STM32H7xx_HAL_Driver/Src/stm32h7xx_hal_uart_ex.o
                0x000000000801a64c                HAL_UARTEx_DisableFifoMode
 .text.HAL_UARTEx_SetTxFifoThreshold
                0x000000000801a6be       0x7c Drivers/STM32H7xx_HAL_Driver/Src/stm32h7xx_hal_uart_ex.o
                0x000000000801a6be                HAL_UARTEx_SetTxFifoThreshold
 .text.HAL_UARTEx_SetRxFifoThreshold
                0x000000000801a73a       0x7c Drivers/STM32H7xx_HAL_Driver/Src/stm32h7xx_hal_uart_ex.o
                0x000000000801a73a                HAL_UARTEx_SetRxFifoThreshold
 *fill*         0x000000000801a7b6        0x2 
 .text.UARTEx_SetNbDataToProcess
                0x000000000801a7b8       0xd0 Drivers/STM32H7xx_HAL_Driver/Src/stm32h7xx_hal_uart_ex.o
 .text.USB_CoreInit
                0x000000000801a888       0xc4 Drivers/STM32H7xx_HAL_Driver/Src/stm32h7xx_ll_usb.o
                0x000000000801a888                USB_CoreInit
 .text.USB_SetTurnaroundTime
                0x000000000801a94c      0x144 Drivers/STM32H7xx_HAL_Driver/Src/stm32h7xx_ll_usb.o
                0x000000000801a94c                USB_SetTurnaroundTime
 .text.USB_EnableGlobalInt
                0x000000000801aa90       0x22 Drivers/STM32H7xx_HAL_Driver/Src/stm32h7xx_ll_usb.o
                0x000000000801aa90                USB_EnableGlobalInt
 .text.USB_DisableGlobalInt
                0x000000000801aab2       0x22 Drivers/STM32H7xx_HAL_Driver/Src/stm32h7xx_ll_usb.o
                0x000000000801aab2                USB_DisableGlobalInt
 .text.USB_SetCurrentMode
                0x000000000801aad4       0x54 Drivers/STM32H7xx_HAL_Driver/Src/stm32h7xx_ll_usb.o
                0x000000000801aad4                USB_SetCurrentMode
 .text.USB_DevInit
                0x000000000801ab28      0x2bc Drivers/STM32H7xx_HAL_Driver/Src/stm32h7xx_ll_usb.o
                0x000000000801ab28                USB_DevInit
 .text.USB_FlushTxFifo
                0x000000000801ade4       0x4c Drivers/STM32H7xx_HAL_Driver/Src/stm32h7xx_ll_usb.o
                0x000000000801ade4                USB_FlushTxFifo
 .text.USB_FlushRxFifo
                0x000000000801ae30       0x44 Drivers/STM32H7xx_HAL_Driver/Src/stm32h7xx_ll_usb.o
                0x000000000801ae30                USB_FlushRxFifo
 .text.USB_SetDevSpeed
                0x000000000801ae74       0x32 Drivers/STM32H7xx_HAL_Driver/Src/stm32h7xx_ll_usb.o
                0x000000000801ae74                USB_SetDevSpeed
 .text.USB_GetDevSpeed
                0x000000000801aea6       0x4a Drivers/STM32H7xx_HAL_Driver/Src/stm32h7xx_ll_usb.o
                0x000000000801aea6                USB_GetDevSpeed
 .text.USB_ActivateEndpoint
                0x000000000801aef0      0x110 Drivers/STM32H7xx_HAL_Driver/Src/stm32h7xx_ll_usb.o
                0x000000000801aef0                USB_ActivateEndpoint
 .text.USB_DeactivateEndpoint
                0x000000000801b000      0x108 Drivers/STM32H7xx_HAL_Driver/Src/stm32h7xx_ll_usb.o
                0x000000000801b000                USB_DeactivateEndpoint
 .text.USB_EPStartXfer
                0x000000000801b108      0x498 Drivers/STM32H7xx_HAL_Driver/Src/stm32h7xx_ll_usb.o
                0x000000000801b108                USB_EPStartXfer
 .text.USB_EP0StartXfer
                0x000000000801b5a0      0x2b0 Drivers/STM32H7xx_HAL_Driver/Src/stm32h7xx_ll_usb.o
                0x000000000801b5a0                USB_EP0StartXfer
 .text.USB_WritePacket
                0x000000000801b850       0x6a Drivers/STM32H7xx_HAL_Driver/Src/stm32h7xx_ll_usb.o
                0x000000000801b850                USB_WritePacket
 .text.USB_ReadPacket
                0x000000000801b8ba       0x52 Drivers/STM32H7xx_HAL_Driver/Src/stm32h7xx_ll_usb.o
                0x000000000801b8ba                USB_ReadPacket
 .text.USB_EPSetStall
                0x000000000801b90c       0xdc Drivers/STM32H7xx_HAL_Driver/Src/stm32h7xx_ll_usb.o
                0x000000000801b90c                USB_EPSetStall
 .text.USB_EPClearStall
                0x000000000801b9e8       0xcc Drivers/STM32H7xx_HAL_Driver/Src/stm32h7xx_ll_usb.o
                0x000000000801b9e8                USB_EPClearStall
 .text.USB_SetDevAddress
                0x000000000801bab4       0x4c Drivers/STM32H7xx_HAL_Driver/Src/stm32h7xx_ll_usb.o
                0x000000000801bab4                USB_SetDevAddress
 .text.USB_DevConnect
                0x000000000801bb00       0x30 Drivers/STM32H7xx_HAL_Driver/Src/stm32h7xx_ll_usb.o
                0x000000000801bb00                USB_DevConnect
 .text.USB_DevDisconnect
                0x000000000801bb30       0x30 Drivers/STM32H7xx_HAL_Driver/Src/stm32h7xx_ll_usb.o
                0x000000000801bb30                USB_DevDisconnect
 .text.USB_ReadInterrupts
                0x000000000801bb60       0x26 Drivers/STM32H7xx_HAL_Driver/Src/stm32h7xx_ll_usb.o
                0x000000000801bb60                USB_ReadInterrupts
 .text.USB_ReadDevAllOutEpInterrupt
                0x000000000801bb86       0x34 Drivers/STM32H7xx_HAL_Driver/Src/stm32h7xx_ll_usb.o
                0x000000000801bb86                USB_ReadDevAllOutEpInterrupt
 .text.USB_ReadDevAllInEpInterrupt
                0x000000000801bbba       0x34 Drivers/STM32H7xx_HAL_Driver/Src/stm32h7xx_ll_usb.o
                0x000000000801bbba                USB_ReadDevAllInEpInterrupt
 .text.USB_ReadDevOutEPInterrupt
                0x000000000801bbee       0x3c Drivers/STM32H7xx_HAL_Driver/Src/stm32h7xx_ll_usb.o
                0x000000000801bbee                USB_ReadDevOutEPInterrupt
 .text.USB_ReadDevInEPInterrupt
                0x000000000801bc2a       0x5c Drivers/STM32H7xx_HAL_Driver/Src/stm32h7xx_ll_usb.o
                0x000000000801bc2a                USB_ReadDevInEPInterrupt
 .text.USB_GetMode
                0x000000000801bc86       0x1c Drivers/STM32H7xx_HAL_Driver/Src/stm32h7xx_ll_usb.o
                0x000000000801bc86                USB_GetMode
 *fill*         0x000000000801bca2        0x2 
 .text.USB_ActivateSetup
                0x000000000801bca4       0x48 Drivers/STM32H7xx_HAL_Driver/Src/stm32h7xx_ll_usb.o
                0x000000000801bca4                USB_ActivateSetup
 .text.USB_EP0_OutStart
                0x000000000801bcec       0xbc Drivers/STM32H7xx_HAL_Driver/Src/stm32h7xx_ll_usb.o
                0x000000000801bcec                USB_EP0_OutStart
 .text.USB_CoreReset
                0x000000000801bda8       0x68 Drivers/STM32H7xx_HAL_Driver/Src/stm32h7xx_ll_usb.o
 .text.USBD_CDC_Init
                0x000000000801be10       0xf6 Middlewares/ST/STM32_USB_Device_Library/Class/CDC/Src/usbd_cdc.o
 .text.USBD_CDC_DeInit
                0x000000000801bf06       0x6e Middlewares/ST/STM32_USB_Device_Library/Class/CDC/Src/usbd_cdc.o
 .text.USBD_CDC_Setup
                0x000000000801bf74      0x140 Middlewares/ST/STM32_USB_Device_Library/Class/CDC/Src/usbd_cdc.o
 .text.USBD_CDC_DataIn
                0x000000000801c0b4       0xa6 Middlewares/ST/STM32_USB_Device_Library/Class/CDC/Src/usbd_cdc.o
 .text.USBD_CDC_DataOut
                0x000000000801c15a       0x56 Middlewares/ST/STM32_USB_Device_Library/Class/CDC/Src/usbd_cdc.o
 .text.USBD_CDC_EP0_RxReady
                0x000000000801c1b0       0x50 Middlewares/ST/STM32_USB_Device_Library/Class/CDC/Src/usbd_cdc.o
 .text.USBD_CDC_GetFSCfgDesc
                0x000000000801c200       0x20 Middlewares/ST/STM32_USB_Device_Library/Class/CDC/Src/usbd_cdc.o
 .text.USBD_CDC_GetHSCfgDesc
                0x000000000801c220       0x20 Middlewares/ST/STM32_USB_Device_Library/Class/CDC/Src/usbd_cdc.o
 .text.USBD_CDC_GetOtherSpeedCfgDesc
                0x000000000801c240       0x20 Middlewares/ST/STM32_USB_Device_Library/Class/CDC/Src/usbd_cdc.o
 .text.USBD_CDC_GetDeviceQualifierDescriptor
                0x000000000801c260       0x20 Middlewares/ST/STM32_USB_Device_Library/Class/CDC/Src/usbd_cdc.o
                0x000000000801c260                USBD_CDC_GetDeviceQualifierDescriptor
 .text.USBD_CDC_RegisterInterface
                0x000000000801c280       0x2e Middlewares/ST/STM32_USB_Device_Library/Class/CDC/Src/usbd_cdc.o
                0x000000000801c280                USBD_CDC_RegisterInterface
 .text.USBD_CDC_SetTxBuffer
                0x000000000801c2ae       0x34 Middlewares/ST/STM32_USB_Device_Library/Class/CDC/Src/usbd_cdc.o
                0x000000000801c2ae                USBD_CDC_SetTxBuffer
 .text.USBD_CDC_SetRxBuffer
                0x000000000801c2e2       0x28 Middlewares/ST/STM32_USB_Device_Library/Class/CDC/Src/usbd_cdc.o
                0x000000000801c2e2                USBD_CDC_SetRxBuffer
 .text.USBD_CDC_TransmitPacket
                0x000000000801c30a       0x5e Middlewares/ST/STM32_USB_Device_Library/Class/CDC/Src/usbd_cdc.o
                0x000000000801c30a                USBD_CDC_TransmitPacket
 .text.USBD_CDC_ReceivePacket
                0x000000000801c368       0x54 Middlewares/ST/STM32_USB_Device_Library/Class/CDC/Src/usbd_cdc.o
                0x000000000801c368                USBD_CDC_ReceivePacket
 .text.USBD_Init
                0x000000000801c3bc       0x56 Middlewares/ST/STM32_USB_Device_Library/Core/Src/usbd_core.o
                0x000000000801c3bc                USBD_Init
 .text.USBD_RegisterClass
                0x000000000801c412       0x34 Middlewares/ST/STM32_USB_Device_Library/Core/Src/usbd_core.o
                0x000000000801c412                USBD_RegisterClass
 .text.USBD_Start
                0x000000000801c446       0x18 Middlewares/ST/STM32_USB_Device_Library/Core/Src/usbd_core.o
                0x000000000801c446                USBD_Start
 .text.USBD_RunTestMode
                0x000000000801c45e       0x16 Middlewares/ST/STM32_USB_Device_Library/Core/Src/usbd_core.o
                0x000000000801c45e                USBD_RunTestMode
 .text.USBD_SetClassConfig
                0x000000000801c474       0x3e Middlewares/ST/STM32_USB_Device_Library/Core/Src/usbd_core.o
                0x000000000801c474                USBD_SetClassConfig
 .text.USBD_ClrClassConfig
                0x000000000801c4b2       0x26 Middlewares/ST/STM32_USB_Device_Library/Core/Src/usbd_core.o
                0x000000000801c4b2                USBD_ClrClassConfig
 .text.USBD_LL_SetupStage
                0x000000000801c4d8       0x96 Middlewares/ST/STM32_USB_Device_Library/Core/Src/usbd_core.o
                0x000000000801c4d8                USBD_LL_SetupStage
 .text.USBD_LL_DataOutStage
                0x000000000801c56e       0xe2 Middlewares/ST/STM32_USB_Device_Library/Core/Src/usbd_core.o
                0x000000000801c56e                USBD_LL_DataOutStage
 .text.USBD_LL_DataInStage
                0x000000000801c650      0x14a Middlewares/ST/STM32_USB_Device_Library/Core/Src/usbd_core.o
                0x000000000801c650                USBD_LL_DataInStage
 .text.USBD_LL_Reset
                0x000000000801c79a       0x82 Middlewares/ST/STM32_USB_Device_Library/Core/Src/usbd_core.o
                0x000000000801c79a                USBD_LL_Reset
 .text.USBD_LL_SetSpeed
                0x000000000801c81c       0x20 Middlewares/ST/STM32_USB_Device_Library/Core/Src/usbd_core.o
                0x000000000801c81c                USBD_LL_SetSpeed
 .text.USBD_LL_Suspend
                0x000000000801c83c       0x2a Middlewares/ST/STM32_USB_Device_Library/Core/Src/usbd_core.o
                0x000000000801c83c                USBD_LL_Suspend
 .text.USBD_LL_Resume
                0x000000000801c866       0x2c Middlewares/ST/STM32_USB_Device_Library/Core/Src/usbd_core.o
                0x000000000801c866                USBD_LL_Resume
 .text.USBD_LL_SOF
                0x000000000801c892       0x34 Middlewares/ST/STM32_USB_Device_Library/Core/Src/usbd_core.o
                0x000000000801c892                USBD_LL_SOF
 .text.USBD_LL_IsoINIncomplete
                0x000000000801c8c6       0x1a Middlewares/ST/STM32_USB_Device_Library/Core/Src/usbd_core.o
                0x000000000801c8c6                USBD_LL_IsoINIncomplete
 .text.USBD_LL_IsoOUTIncomplete
                0x000000000801c8e0       0x1a Middlewares/ST/STM32_USB_Device_Library/Core/Src/usbd_core.o
                0x000000000801c8e0                USBD_LL_IsoOUTIncomplete
 .text.USBD_LL_DevConnected
                0x000000000801c8fa       0x16 Middlewares/ST/STM32_USB_Device_Library/Core/Src/usbd_core.o
                0x000000000801c8fa                USBD_LL_DevConnected
 .text.USBD_LL_DevDisconnected
                0x000000000801c910       0x2e Middlewares/ST/STM32_USB_Device_Library/Core/Src/usbd_core.o
                0x000000000801c910                USBD_LL_DevDisconnected
 *fill*         0x000000000801c93e        0x2 
 .text.USBD_StdDevReq
                0x000000000801c940       0xd4 Middlewares/ST/STM32_USB_Device_Library/Core/Src/usbd_ctlreq.o
                0x000000000801c940                USBD_StdDevReq
 .text.USBD_StdItfReq
                0x000000000801ca14       0x8c Middlewares/ST/STM32_USB_Device_Library/Core/Src/usbd_ctlreq.o
                0x000000000801ca14                USBD_StdItfReq
 .text.USBD_StdEPReq
                0x000000000801caa0      0x2ba Middlewares/ST/STM32_USB_Device_Library/Core/Src/usbd_ctlreq.o
                0x000000000801caa0                USBD_StdEPReq
 *fill*         0x000000000801cd5a        0x2 
 .text.USBD_GetDescriptor
                0x000000000801cd5c      0x2d0 Middlewares/ST/STM32_USB_Device_Library/Core/Src/usbd_ctlreq.o
 .text.USBD_SetAddress
                0x000000000801d02c       0x84 Middlewares/ST/STM32_USB_Device_Library/Core/Src/usbd_ctlreq.o
 .text.USBD_SetConfig
                0x000000000801d0b0      0x11c Middlewares/ST/STM32_USB_Device_Library/Core/Src/usbd_ctlreq.o
 .text.USBD_GetConfig
                0x000000000801d1cc       0x68 Middlewares/ST/STM32_USB_Device_Library/Core/Src/usbd_ctlreq.o
 .text.USBD_GetStatus
                0x000000000801d234       0x66 Middlewares/ST/STM32_USB_Device_Library/Core/Src/usbd_ctlreq.o
 .text.USBD_SetFeature
                0x000000000801d29a       0x28 Middlewares/ST/STM32_USB_Device_Library/Core/Src/usbd_ctlreq.o
 .text.USBD_ClrFeature
                0x000000000801d2c2       0x42 Middlewares/ST/STM32_USB_Device_Library/Core/Src/usbd_ctlreq.o
 .text.USBD_ParseSetupRequest
                0x000000000801d304       0x7a Middlewares/ST/STM32_USB_Device_Library/Core/Src/usbd_ctlreq.o
                0x000000000801d304                USBD_ParseSetupRequest
 .text.USBD_CtlError
                0x000000000801d37e       0x22 Middlewares/ST/STM32_USB_Device_Library/Core/Src/usbd_ctlreq.o
                0x000000000801d37e                USBD_CtlError
 .text.USBD_GetString
                0x000000000801d3a0       0x84 Middlewares/ST/STM32_USB_Device_Library/Core/Src/usbd_ctlreq.o
                0x000000000801d3a0                USBD_GetString
 .text.USBD_GetLen
                0x000000000801d424       0x30 Middlewares/ST/STM32_USB_Device_Library/Core/Src/usbd_ctlreq.o
 .text.USBD_CtlSendData
                0x000000000801d454       0x38 Middlewares/ST/STM32_USB_Device_Library/Core/Src/usbd_ioreq.o
                0x000000000801d454                USBD_CtlSendData
 .text.USBD_CtlContinueSendData
                0x000000000801d48c       0x24 Middlewares/ST/STM32_USB_Device_Library/Core/Src/usbd_ioreq.o
                0x000000000801d48c                USBD_CtlContinueSendData
 .text.USBD_CtlPrepareRx
                0x000000000801d4b0       0x3c Middlewares/ST/STM32_USB_Device_Library/Core/Src/usbd_ioreq.o
                0x000000000801d4b0                USBD_CtlPrepareRx
 .text.USBD_CtlContinueRx
                0x000000000801d4ec       0x24 Middlewares/ST/STM32_USB_Device_Library/Core/Src/usbd_ioreq.o
                0x000000000801d4ec                USBD_CtlContinueRx
 .text.USBD_CtlSendStatus
                0x000000000801d510       0x26 Middlewares/ST/STM32_USB_Device_Library/Core/Src/usbd_ioreq.o
                0x000000000801d510                USBD_CtlSendStatus
 .text.USBD_CtlReceiveStatus
                0x000000000801d536       0x26 Middlewares/ST/STM32_USB_Device_Library/Core/Src/usbd_ioreq.o
                0x000000000801d536                USBD_CtlReceiveStatus
 .text.MX_USB_DEVICE_Init
                0x000000000801d55c       0x64 USB_DEVICE/App/usb_device.o
                0x000000000801d55c                MX_USB_DEVICE_Init
 .text.CDC_Init_FS
                0x000000000801d5c0       0x28 USB_DEVICE/App/usbd_cdc_if.o
 .text.CDC_DeInit_FS
                0x000000000801d5e8       0x10 USB_DEVICE/App/usbd_cdc_if.o
 .text.CDC_Control_FS
                0x000000000801d5f8      0x12c USB_DEVICE/App/usbd_cdc_if.o
 .text.CDC_Receive_FS
                0x000000000801d724       0x28 USB_DEVICE/App/usbd_cdc_if.o
 .text.CDC_Transmit_FS
                0x000000000801d74c       0x4c USB_DEVICE/App/usbd_cdc_if.o
                0x000000000801d74c                CDC_Transmit_FS
 .text.USBD_FS_DeviceDescriptor
                0x000000000801d798       0x24 USB_DEVICE/App/usbd_desc.o
                0x000000000801d798                USBD_FS_DeviceDescriptor
 .text.USBD_FS_LangIDStrDescriptor
                0x000000000801d7bc       0x24 USB_DEVICE/App/usbd_desc.o
                0x000000000801d7bc                USBD_FS_LangIDStrDescriptor
 .text.USBD_FS_ProductStrDescriptor
                0x000000000801d7e0       0x3c USB_DEVICE/App/usbd_desc.o
                0x000000000801d7e0                USBD_FS_ProductStrDescriptor
 .text.USBD_FS_ManufacturerStrDescriptor
                0x000000000801d81c       0x28 USB_DEVICE/App/usbd_desc.o
                0x000000000801d81c                USBD_FS_ManufacturerStrDescriptor
 .text.USBD_FS_SerialStrDescriptor
                0x000000000801d844       0x24 USB_DEVICE/App/usbd_desc.o
                0x000000000801d844                USBD_FS_SerialStrDescriptor
 .text.USBD_FS_ConfigStrDescriptor
                0x000000000801d868       0x3c USB_DEVICE/App/usbd_desc.o
                0x000000000801d868                USBD_FS_ConfigStrDescriptor
 .text.USBD_FS_InterfaceStrDescriptor
                0x000000000801d8a4       0x3c USB_DEVICE/App/usbd_desc.o
                0x000000000801d8a4                USBD_FS_InterfaceStrDescriptor
 .text.Get_SerialNum
                0x000000000801d8e0       0x58 USB_DEVICE/App/usbd_desc.o
 .text.IntToUnicode
                0x000000000801d938       0x7c USB_DEVICE/App/usbd_desc.o
 .text.HAL_PCD_MspInit
                0x000000000801d9b4       0xa4 USB_DEVICE/Target/usbd_conf.o
                0x000000000801d9b4                HAL_PCD_MspInit
 .text.HAL_PCD_SetupStageCallback
                0x000000000801da58       0x24 USB_DEVICE/Target/usbd_conf.o
                0x000000000801da58                HAL_PCD_SetupStageCallback
 .text.HAL_PCD_DataOutStageCallback
                0x000000000801da7c       0x36 USB_DEVICE/Target/usbd_conf.o
                0x000000000801da7c                HAL_PCD_DataOutStageCallback
 .text.HAL_PCD_DataInStageCallback
                0x000000000801dab2       0x34 USB_DEVICE/Target/usbd_conf.o
                0x000000000801dab2                HAL_PCD_DataInStageCallback
 .text.HAL_PCD_SOFCallback
                0x000000000801dae6       0x1c USB_DEVICE/Target/usbd_conf.o
                0x000000000801dae6                HAL_PCD_SOFCallback
 .text.HAL_PCD_ResetCallback
                0x000000000801db02       0x50 USB_DEVICE/Target/usbd_conf.o
                0x000000000801db02                HAL_PCD_ResetCallback
 *fill*         0x000000000801db52        0x2 
 .text.HAL_PCD_SuspendCallback
                0x000000000801db54       0x4c USB_DEVICE/Target/usbd_conf.o
                0x000000000801db54                HAL_PCD_SuspendCallback
 .text.HAL_PCD_ResumeCallback
                0x000000000801dba0       0x1c USB_DEVICE/Target/usbd_conf.o
                0x000000000801dba0                HAL_PCD_ResumeCallback
 .text.HAL_PCD_ISOOUTIncompleteCallback
                0x000000000801dbbc       0x24 USB_DEVICE/Target/usbd_conf.o
                0x000000000801dbbc                HAL_PCD_ISOOUTIncompleteCallback
 .text.HAL_PCD_ISOINIncompleteCallback
                0x000000000801dbe0       0x24 USB_DEVICE/Target/usbd_conf.o
                0x000000000801dbe0                HAL_PCD_ISOINIncompleteCallback
 .text.HAL_PCD_ConnectCallback
                0x000000000801dc04       0x1c USB_DEVICE/Target/usbd_conf.o
                0x000000000801dc04                HAL_PCD_ConnectCallback
 .text.HAL_PCD_DisconnectCallback
                0x000000000801dc20       0x1c USB_DEVICE/Target/usbd_conf.o
                0x000000000801dc20                HAL_PCD_DisconnectCallback
 .text.USBD_LL_Init
                0x000000000801dc3c       0xa0 USB_DEVICE/Target/usbd_conf.o
                0x000000000801dc3c                USBD_LL_Init
 .text.USBD_LL_Start
                0x000000000801dcdc       0x36 USB_DEVICE/Target/usbd_conf.o
                0x000000000801dcdc                USBD_LL_Start
 .text.USBD_LL_OpenEP
                0x000000000801dd12       0x4c USB_DEVICE/Target/usbd_conf.o
                0x000000000801dd12                USBD_LL_OpenEP
 .text.USBD_LL_CloseEP
                0x000000000801dd5e       0x3e USB_DEVICE/Target/usbd_conf.o
                0x000000000801dd5e                USBD_LL_CloseEP
 .text.USBD_LL_StallEP
                0x000000000801dd9c       0x3e USB_DEVICE/Target/usbd_conf.o
                0x000000000801dd9c                USBD_LL_StallEP
 .text.USBD_LL_ClearStallEP
                0x000000000801ddda       0x3e USB_DEVICE/Target/usbd_conf.o
                0x000000000801ddda                USBD_LL_ClearStallEP
 .text.USBD_LL_IsStallEP
                0x000000000801de18       0x58 USB_DEVICE/Target/usbd_conf.o
                0x000000000801de18                USBD_LL_IsStallEP
 .text.USBD_LL_SetUSBAddress
                0x000000000801de70       0x3e USB_DEVICE/Target/usbd_conf.o
                0x000000000801de70                USBD_LL_SetUSBAddress
 .text.USBD_LL_Transmit
                0x000000000801deae       0x46 USB_DEVICE/Target/usbd_conf.o
                0x000000000801deae                USBD_LL_Transmit
 .text.USBD_LL_PrepareReceive
                0x000000000801def4       0x46 USB_DEVICE/Target/usbd_conf.o
                0x000000000801def4                USBD_LL_PrepareReceive
 .text.USBD_LL_GetRxDataSize
                0x000000000801df3a       0x26 USB_DEVICE/Target/usbd_conf.o
                0x000000000801df3a                USBD_LL_GetRxDataSize
 .text.USBD_Get_USB_Status
                0x000000000801df60       0x58 USB_DEVICE/Target/usbd_conf.o
                0x000000000801df60                USBD_Get_USB_Status
 .text.__errno  0x000000000801dfb8        0xc c:/st/stm32cubeide_1.0.2/stm32cubeide/plugins/com.st.stm32cube.ide.mcu.externaltools.gnu-tools-for-stm32.7-2018-q2-update.win32_1.0.0.201904181610/tools/bin/../lib/gcc/arm-none-eabi/7.3.1/../../../../arm-none-eabi/lib/thumb/v7e-m/fpv5/hard\libc_nano.a(lib_a-errno.o)
                0x000000000801dfb8                __errno
 .text.__libc_init_array
                0x000000000801dfc4       0x48 c:/st/stm32cubeide_1.0.2/stm32cubeide/plugins/com.st.stm32cube.ide.mcu.externaltools.gnu-tools-for-stm32.7-2018-q2-update.win32_1.0.0.201904181610/tools/bin/../lib/gcc/arm-none-eabi/7.3.1/../../../../arm-none-eabi/lib/thumb/v7e-m/fpv5/hard\libc_nano.a(lib_a-init.o)
                0x000000000801dfc4                __libc_init_array
 .text.__itoa   0x000000000801e00c       0x30 c:/st/stm32cubeide_1.0.2/stm32cubeide/plugins/com.st.stm32cube.ide.mcu.externaltools.gnu-tools-for-stm32.7-2018-q2-update.win32_1.0.0.201904181610/tools/bin/../lib/gcc/arm-none-eabi/7.3.1/../../../../arm-none-eabi/lib/thumb/v7e-m/fpv5/hard\libc_nano.a(lib_a-itoa.o)
                0x000000000801e00c                __itoa
 .text.itoa     0x000000000801e03c        0x4 c:/st/stm32cubeide_1.0.2/stm32cubeide/plugins/com.st.stm32cube.ide.mcu.externaltools.gnu-tools-for-stm32.7-2018-q2-update.win32_1.0.0.201904181610/tools/bin/../lib/gcc/arm-none-eabi/7.3.1/../../../../arm-none-eabi/lib/thumb/v7e-m/fpv5/hard\libc_nano.a(lib_a-itoa.o)
                0x000000000801e03c                itoa
 .text.malloc   0x000000000801e040       0x10 c:/st/stm32cubeide_1.0.2/stm32cubeide/plugins/com.st.stm32cube.ide.mcu.externaltools.gnu-tools-for-stm32.7-2018-q2-update.win32_1.0.0.201904181610/tools/bin/../lib/gcc/arm-none-eabi/7.3.1/../../../../arm-none-eabi/lib/thumb/v7e-m/fpv5/hard\libc_nano.a(lib_a-malloc.o)
                0x000000000801e040                malloc
 .text.free     0x000000000801e050       0x10 c:/st/stm32cubeide_1.0.2/stm32cubeide/plugins/com.st.stm32cube.ide.mcu.externaltools.gnu-tools-for-stm32.7-2018-q2-update.win32_1.0.0.201904181610/tools/bin/../lib/gcc/arm-none-eabi/7.3.1/../../../../arm-none-eabi/lib/thumb/v7e-m/fpv5/hard\libc_nano.a(lib_a-malloc.o)
                0x000000000801e050                free
 .text.memset   0x000000000801e060       0x10 c:/st/stm32cubeide_1.0.2/stm32cubeide/plugins/com.st.stm32cube.ide.mcu.externaltools.gnu-tools-for-stm32.7-2018-q2-update.win32_1.0.0.201904181610/tools/bin/../lib/gcc/arm-none-eabi/7.3.1/../../../../arm-none-eabi/lib/thumb/v7e-m/fpv5/hard\libc_nano.a(lib_a-memset.o)
                0x000000000801e060                memset
 .text._free_r  0x000000000801e070       0x9c c:/st/stm32cubeide_1.0.2/stm32cubeide/plugins/com.st.stm32cube.ide.mcu.externaltools.gnu-tools-for-stm32.7-2018-q2-update.win32_1.0.0.201904181610/tools/bin/../lib/gcc/arm-none-eabi/7.3.1/../../../../arm-none-eabi/lib/thumb/v7e-m/fpv5/hard\libc_nano.a(lib_a-nano-freer.o)
                0x000000000801e070                _free_r
 .text._malloc_r
                0x000000000801e10c       0xb4 c:/st/stm32cubeide_1.0.2/stm32cubeide/plugins/com.st.stm32cube.ide.mcu.externaltools.gnu-tools-for-stm32.7-2018-q2-update.win32_1.0.0.201904181610/tools/bin/../lib/gcc/arm-none-eabi/7.3.1/../../../../arm-none-eabi/lib/thumb/v7e-m/fpv5/hard\libc_nano.a(lib_a-nano-mallocr.o)
                0x000000000801e10c                _malloc_r
 .text._sbrk_r  0x000000000801e1c0       0x20 c:/st/stm32cubeide_1.0.2/stm32cubeide/plugins/com.st.stm32cube.ide.mcu.externaltools.gnu-tools-for-stm32.7-2018-q2-update.win32_1.0.0.201904181610/tools/bin/../lib/gcc/arm-none-eabi/7.3.1/../../../../arm-none-eabi/lib/thumb/v7e-m/fpv5/hard\libc_nano.a(lib_a-sbrkr.o)
                0x000000000801e1c0                _sbrk_r
 .text.strcat   0x000000000801e1e0       0x1e c:/st/stm32cubeide_1.0.2/stm32cubeide/plugins/com.st.stm32cube.ide.mcu.externaltools.gnu-tools-for-stm32.7-2018-q2-update.win32_1.0.0.201904181610/tools/bin/../lib/gcc/arm-none-eabi/7.3.1/../../../../arm-none-eabi/lib/thumb/v7e-m/fpv5/hard\libc_nano.a(lib_a-strcat.o)
                0x000000000801e1e0                strcat
 .text.strcpy   0x000000000801e1fe       0x10 c:/st/stm32cubeide_1.0.2/stm32cubeide/plugins/com.st.stm32cube.ide.mcu.externaltools.gnu-tools-for-stm32.7-2018-q2-update.win32_1.0.0.201904181610/tools/bin/../lib/gcc/arm-none-eabi/7.3.1/../../../../arm-none-eabi/lib/thumb/v7e-m/fpv5/hard\libc_nano.a(lib_a-strcpy.o)
                0x000000000801e1fe                strcpy
 *fill*         0x000000000801e20e        0x2 
 .text.__utoa   0x000000000801e210       0x7c c:/st/stm32cubeide_1.0.2/stm32cubeide/plugins/com.st.stm32cube.ide.mcu.externaltools.gnu-tools-for-stm32.7-2018-q2-update.win32_1.0.0.201904181610/tools/bin/../lib/gcc/arm-none-eabi/7.3.1/../../../../arm-none-eabi/lib/thumb/v7e-m/fpv5/hard\libc_nano.a(lib_a-utoa.o)
                0x000000000801e210                __utoa
 .text.__malloc_lock
                0x000000000801e28c        0x2 c:/st/stm32cubeide_1.0.2/stm32cubeide/plugins/com.st.stm32cube.ide.mcu.externaltools.gnu-tools-for-stm32.7-2018-q2-update.win32_1.0.0.201904181610/tools/bin/../lib/gcc/arm-none-eabi/7.3.1/../../../../arm-none-eabi/lib/thumb/v7e-m/fpv5/hard\libc_nano.a(lib_a-mlock.o)
                0x000000000801e28c                __malloc_lock
 .text.__malloc_unlock
                0x000000000801e28e        0x2 c:/st/stm32cubeide_1.0.2/stm32cubeide/plugins/com.st.stm32cube.ide.mcu.externaltools.gnu-tools-for-stm32.7-2018-q2-update.win32_1.0.0.201904181610/tools/bin/../lib/gcc/arm-none-eabi/7.3.1/../../../../arm-none-eabi/lib/thumb/v7e-m/fpv5/hard\libc_nano.a(lib_a-mlock.o)
                0x000000000801e28e                __malloc_unlock
 .text.cos      0x000000000801e290       0x78 c:/st/stm32cubeide_1.0.2/stm32cubeide/plugins/com.st.stm32cube.ide.mcu.externaltools.gnu-tools-for-stm32.7-2018-q2-update.win32_1.0.0.201904181610/tools/bin/../lib/gcc/arm-none-eabi/7.3.1/../../../../arm-none-eabi/lib/thumb/v7e-m/fpv5/hard\libm.a(lib_a-s_cos.o)
                0x000000000801e290                cos
 .text.sin      0x000000000801e308       0x78 c:/st/stm32cubeide_1.0.2/stm32cubeide/plugins/com.st.stm32cube.ide.mcu.externaltools.gnu-tools-for-stm32.7-2018-q2-update.win32_1.0.0.201904181610/tools/bin/../lib/gcc/arm-none-eabi/7.3.1/../../../../arm-none-eabi/lib/thumb/v7e-m/fpv5/hard\libm.a(lib_a-s_sin.o)
                0x000000000801e308                sin
 .text.exp      0x000000000801e380       0xe8 c:/st/stm32cubeide_1.0.2/stm32cubeide/plugins/com.st.stm32cube.ide.mcu.externaltools.gnu-tools-for-stm32.7-2018-q2-update.win32_1.0.0.201904181610/tools/bin/../lib/gcc/arm-none-eabi/7.3.1/../../../../arm-none-eabi/lib/thumb/v7e-m/fpv5/hard\libm.a(lib_a-w_exp.o)
                0x000000000801e380                exp
 .text.__ieee754_exp
                0x000000000801e468      0x210 c:/st/stm32cubeide_1.0.2/stm32cubeide/plugins/com.st.stm32cube.ide.mcu.externaltools.gnu-tools-for-stm32.7-2018-q2-update.win32_1.0.0.201904181610/tools/bin/../lib/gcc/arm-none-eabi/7.3.1/../../../../arm-none-eabi/lib/thumb/v7e-m/fpv5/hard\libm.a(lib_a-e_exp.o)
                0x000000000801e468                __ieee754_exp
 .text.__ieee754_rem_pio2
                0x000000000801e678      0x278 c:/st/stm32cubeide_1.0.2/stm32cubeide/plugins/com.st.stm32cube.ide.mcu.externaltools.gnu-tools-for-stm32.7-2018-q2-update.win32_1.0.0.201904181610/tools/bin/../lib/gcc/arm-none-eabi/7.3.1/../../../../arm-none-eabi/lib/thumb/v7e-m/fpv5/hard\libm.a(lib_a-e_rem_pio2.o)
                0x000000000801e678                __ieee754_rem_pio2
 .text.__kernel_cos
                0x000000000801e8f0       0xd8 c:/st/stm32cubeide_1.0.2/stm32cubeide/plugins/com.st.stm32cube.ide.mcu.externaltools.gnu-tools-for-stm32.7-2018-q2-update.win32_1.0.0.201904181610/tools/bin/../lib/gcc/arm-none-eabi/7.3.1/../../../../arm-none-eabi/lib/thumb/v7e-m/fpv5/hard\libm.a(lib_a-k_cos.o)
                0x000000000801e8f0                __kernel_cos
 .text.__kernel_rem_pio2
                0x000000000801e9c8      0x538 c:/st/stm32cubeide_1.0.2/stm32cubeide/plugins/com.st.stm32cube.ide.mcu.externaltools.gnu-tools-for-stm32.7-2018-q2-update.win32_1.0.0.201904181610/tools/bin/../lib/gcc/arm-none-eabi/7.3.1/../../../../arm-none-eabi/lib/thumb/v7e-m/fpv5/hard\libm.a(lib_a-k_rem_pio2.o)
                0x000000000801e9c8                __kernel_rem_pio2
 .text.__kernel_sin
                0x000000000801ef00       0xb0 c:/st/stm32cubeide_1.0.2/stm32cubeide/plugins/com.st.stm32cube.ide.mcu.externaltools.gnu-tools-for-stm32.7-2018-q2-update.win32_1.0.0.201904181610/tools/bin/../lib/gcc/arm-none-eabi/7.3.1/../../../../arm-none-eabi/lib/thumb/v7e-m/fpv5/hard\libm.a(lib_a-k_sin.o)
                0x000000000801ef00                __kernel_sin
 .text.fabs     0x000000000801efb0       0x12 c:/st/stm32cubeide_1.0.2/stm32cubeide/plugins/com.st.stm32cube.ide.mcu.externaltools.gnu-tools-for-stm32.7-2018-q2-update.win32_1.0.0.201904181610/tools/bin/../lib/gcc/arm-none-eabi/7.3.1/../../../../arm-none-eabi/lib/thumb/v7e-m/fpv5/hard\libm.a(lib_a-s_fabs.o)
                0x000000000801efb0                fabs
 .text.finite   0x000000000801efc2       0x10 c:/st/stm32cubeide_1.0.2/stm32cubeide/plugins/com.st.stm32cube.ide.mcu.externaltools.gnu-tools-for-stm32.7-2018-q2-update.win32_1.0.0.201904181610/tools/bin/../lib/gcc/arm-none-eabi/7.3.1/../../../../arm-none-eabi/lib/thumb/v7e-m/fpv5/hard\libm.a(lib_a-s_finite.o)
                0x000000000801efc2                finite
 *fill*         0x000000000801efd2        0x6 
 .text.floor    0x000000000801efd8       0xf0 c:/st/stm32cubeide_1.0.2/stm32cubeide/plugins/com.st.stm32cube.ide.mcu.externaltools.gnu-tools-for-stm32.7-2018-q2-update.win32_1.0.0.201904181610/tools/bin/../lib/gcc/arm-none-eabi/7.3.1/../../../../arm-none-eabi/lib/thumb/v7e-m/fpv5/hard\libm.a(lib_a-s_floor.o)
                0x000000000801efd8                floor
 .text.matherr  0x000000000801f0c8        0x4 c:/st/stm32cubeide_1.0.2/stm32cubeide/plugins/com.st.stm32cube.ide.mcu.externaltools.gnu-tools-for-stm32.7-2018-q2-update.win32_1.0.0.201904181610/tools/bin/../lib/gcc/arm-none-eabi/7.3.1/../../../../arm-none-eabi/lib/thumb/v7e-m/fpv5/hard\libm.a(lib_a-s_matherr.o)
                0x000000000801f0c8                matherr
 *fill*         0x000000000801f0cc        0x4 
 .text.scalbn   0x000000000801f0d0       0xfc c:/st/stm32cubeide_1.0.2/stm32cubeide/plugins/com.st.stm32cube.ide.mcu.externaltools.gnu-tools-for-stm32.7-2018-q2-update.win32_1.0.0.201904181610/tools/bin/../lib/gcc/arm-none-eabi/7.3.1/../../../../arm-none-eabi/lib/thumb/v7e-m/fpv5/hard\libm.a(lib_a-s_scalbn.o)
                0x000000000801f0d0                scalbn
 .text.copysign
                0x000000000801f1cc       0x1e c:/st/stm32cubeide_1.0.2/stm32cubeide/plugins/com.st.stm32cube.ide.mcu.externaltools.gnu-tools-for-stm32.7-2018-q2-update.win32_1.0.0.201904181610/tools/bin/../lib/gcc/arm-none-eabi/7.3.1/../../../../arm-none-eabi/lib/thumb/v7e-m/fpv5/hard\libm.a(lib_a-s_copysign.o)
                0x000000000801f1cc                copysign
 *(.glue_7)
 .glue_7        0x000000000801f1ea        0x0 linker stubs
 *(.glue_7t)
 .glue_7t       0x000000000801f1ea        0x0 linker stubs
 *(.eh_frame)
 *fill*         0x000000000801f1ea        0x2 
 .eh_frame      0x000000000801f1ec        0x0 c:/st/stm32cubeide_1.0.2/stm32cubeide/plugins/com.st.stm32cube.ide.mcu.externaltools.gnu-tools-for-stm32.7-2018-q2-update.win32_1.0.0.201904181610/tools/bin/../lib/gcc/arm-none-eabi/7.3.1/thumb/v7e-m/fpv5/hard/crtbegin.o
 *(.init)
 .init          0x000000000801f1ec        0x4 c:/st/stm32cubeide_1.0.2/stm32cubeide/plugins/com.st.stm32cube.ide.mcu.externaltools.gnu-tools-for-stm32.7-2018-q2-update.win32_1.0.0.201904181610/tools/bin/../lib/gcc/arm-none-eabi/7.3.1/thumb/v7e-m/fpv5/hard/crti.o
                0x000000000801f1ec                _init
 .init          0x000000000801f1f0        0x8 c:/st/stm32cubeide_1.0.2/stm32cubeide/plugins/com.st.stm32cube.ide.mcu.externaltools.gnu-tools-for-stm32.7-2018-q2-update.win32_1.0.0.201904181610/tools/bin/../lib/gcc/arm-none-eabi/7.3.1/thumb/v7e-m/fpv5/hard/crtn.o
 *(.fini)
 .fini          0x000000000801f1f8        0x4 c:/st/stm32cubeide_1.0.2/stm32cubeide/plugins/com.st.stm32cube.ide.mcu.externaltools.gnu-tools-for-stm32.7-2018-q2-update.win32_1.0.0.201904181610/tools/bin/../lib/gcc/arm-none-eabi/7.3.1/thumb/v7e-m/fpv5/hard/crti.o
                0x000000000801f1f8                _fini
 .fini          0x000000000801f1fc        0x8 c:/st/stm32cubeide_1.0.2/stm32cubeide/plugins/com.st.stm32cube.ide.mcu.externaltools.gnu-tools-for-stm32.7-2018-q2-update.win32_1.0.0.201904181610/tools/bin/../lib/gcc/arm-none-eabi/7.3.1/thumb/v7e-m/fpv5/hard/crtn.o
                0x000000000801f204                . = ALIGN (0x4)
                0x000000000801f204                _etext = .

.vfp11_veneer   0x000000000801f204        0x0
 .vfp11_veneer  0x000000000801f204        0x0 linker stubs

.v4_bx          0x000000000801f204        0x0
 .v4_bx         0x000000000801f204        0x0 linker stubs

.iplt           0x000000000801f204        0x0
 .iplt          0x000000000801f204        0x0 c:/st/stm32cubeide_1.0.2/stm32cubeide/plugins/com.st.stm32cube.ide.mcu.externaltools.gnu-tools-for-stm32.7-2018-q2-update.win32_1.0.0.201904181610/tools/bin/../lib/gcc/arm-none-eabi/7.3.1/thumb/v7e-m/fpv5/hard/crtbegin.o

.rodata         0x000000000801f208      0x3c8
                0x000000000801f208                . = ALIGN (0x4)
 *(.rodata)
 .rodata        0x000000000801f208       0x32 Core/Src/main.o
 *fill*         0x000000000801f23a        0x2 
 .rodata        0x000000000801f23c       0x10 Drivers/STM32H7xx_HAL_Driver/Src/stm32h7xx_hal_uart_ex.o
 .rodata        0x000000000801f24c       0x46 USB_DEVICE/App/usbd_desc.o
 *(.rodata*)
 *fill*         0x000000000801f292        0x2 
 .rodata.K_P    0x000000000801f294       0x18 Core/Src/main.o
                0x000000000801f294                K_P
 .rodata.K_V    0x000000000801f2ac       0x18 Core/Src/main.o
                0x000000000801f2ac                K_V
 *fill*         0x000000000801f2c4        0x4 
 .rodata.V_CONSTANT
                0x000000000801f2c8       0x30 Core/Src/main.o
                0x000000000801f2c8                V_CONSTANT
 .rodata.T_CONSTANT
                0x000000000801f2f8       0x30 Core/Src/main.o
                0x000000000801f2f8                T_CONSTANT
 .rodata.RESISTANCE
                0x000000000801f328       0x30 Core/Src/main.o
                0x000000000801f328                RESISTANCE
 .rodata.test_pos
                0x000000000801f358       0x30 Core/Src/main.o
                0x000000000801f358                test_pos
 .rodata.D1CorePrescTable
                0x000000000801f388       0x10 Core/Src/system_stm32h7xx.o
                0x000000000801f388                D1CorePrescTable
 .rodata.__utoa.str1.1
                0x000000000801f398       0x25 c:/st/stm32cubeide_1.0.2/stm32cubeide/plugins/com.st.stm32cube.ide.mcu.externaltools.gnu-tools-for-stm32.7-2018-q2-update.win32_1.0.0.201904181610/tools/bin/../lib/gcc/arm-none-eabi/7.3.1/../../../../arm-none-eabi/lib/thumb/v7e-m/fpv5/hard\libc_nano.a(lib_a-utoa.o)
 .rodata.exp.str1.1
                0x000000000801f3bd        0x4 c:/st/stm32cubeide_1.0.2/stm32cubeide/plugins/com.st.stm32cube.ide.mcu.externaltools.gnu-tools-for-stm32.7-2018-q2-update.win32_1.0.0.201904181610/tools/bin/../lib/gcc/arm-none-eabi/7.3.1/../../../../arm-none-eabi/lib/thumb/v7e-m/fpv5/hard\libm.a(lib_a-w_exp.o)
 *fill*         0x000000000801f3c1        0x7 
 .rodata.halF   0x000000000801f3c8       0x10 c:/st/stm32cubeide_1.0.2/stm32cubeide/plugins/com.st.stm32cube.ide.mcu.externaltools.gnu-tools-for-stm32.7-2018-q2-update.win32_1.0.0.201904181610/tools/bin/../lib/gcc/arm-none-eabi/7.3.1/../../../../arm-none-eabi/lib/thumb/v7e-m/fpv5/hard\libm.a(lib_a-e_exp.o)
 .rodata.ln2HI  0x000000000801f3d8       0x10 c:/st/stm32cubeide_1.0.2/stm32cubeide/plugins/com.st.stm32cube.ide.mcu.externaltools.gnu-tools-for-stm32.7-2018-q2-update.win32_1.0.0.201904181610/tools/bin/../lib/gcc/arm-none-eabi/7.3.1/../../../../arm-none-eabi/lib/thumb/v7e-m/fpv5/hard\libm.a(lib_a-e_exp.o)
 .rodata.ln2LO  0x000000000801f3e8       0x10 c:/st/stm32cubeide_1.0.2/stm32cubeide/plugins/com.st.stm32cube.ide.mcu.externaltools.gnu-tools-for-stm32.7-2018-q2-update.win32_1.0.0.201904181610/tools/bin/../lib/gcc/arm-none-eabi/7.3.1/../../../../arm-none-eabi/lib/thumb/v7e-m/fpv5/hard\libm.a(lib_a-e_exp.o)
 .rodata.npio2_hw
                0x000000000801f3f8       0x80 c:/st/stm32cubeide_1.0.2/stm32cubeide/plugins/com.st.stm32cube.ide.mcu.externaltools.gnu-tools-for-stm32.7-2018-q2-update.win32_1.0.0.201904181610/tools/bin/../lib/gcc/arm-none-eabi/7.3.1/../../../../arm-none-eabi/lib/thumb/v7e-m/fpv5/hard\libm.a(lib_a-e_rem_pio2.o)
 .rodata.two_over_pi
                0x000000000801f478      0x108 c:/st/stm32cubeide_1.0.2/stm32cubeide/plugins/com.st.stm32cube.ide.mcu.externaltools.gnu-tools-for-stm32.7-2018-q2-update.win32_1.0.0.201904181610/tools/bin/../lib/gcc/arm-none-eabi/7.3.1/../../../../arm-none-eabi/lib/thumb/v7e-m/fpv5/hard\libm.a(lib_a-e_rem_pio2.o)
 .rodata.PIo2   0x000000000801f580       0x40 c:/st/stm32cubeide_1.0.2/stm32cubeide/plugins/com.st.stm32cube.ide.mcu.externaltools.gnu-tools-for-stm32.7-2018-q2-update.win32_1.0.0.201904181610/tools/bin/../lib/gcc/arm-none-eabi/7.3.1/../../../../arm-none-eabi/lib/thumb/v7e-m/fpv5/hard\libm.a(lib_a-k_rem_pio2.o)
 .rodata.init_jk
                0x000000000801f5c0       0x10 c:/st/stm32cubeide_1.0.2/stm32cubeide/plugins/com.st.stm32cube.ide.mcu.externaltools.gnu-tools-for-stm32.7-2018-q2-update.win32_1.0.0.201904181610/tools/bin/../lib/gcc/arm-none-eabi/7.3.1/../../../../arm-none-eabi/lib/thumb/v7e-m/fpv5/hard\libm.a(lib_a-k_rem_pio2.o)
                0x000000000801f5d0                . = ALIGN (0x4)

.ARM.extab      0x000000000801f5d0        0x0
                0x000000000801f5d0                . = ALIGN (0x4)
 *(.ARM.extab* .gnu.linkonce.armextab.*)
                0x000000000801f5d0                . = ALIGN (0x4)

.ARM            0x000000000801f5d0        0x8
                0x000000000801f5d0                . = ALIGN (0x4)
                0x000000000801f5d0                __exidx_start = .
 *(.ARM.exidx*)
 .ARM.exidx     0x000000000801f5d0        0x8 c:/st/stm32cubeide_1.0.2/stm32cubeide/plugins/com.st.stm32cube.ide.mcu.externaltools.gnu-tools-for-stm32.7-2018-q2-update.win32_1.0.0.201904181610/tools/bin/../lib/gcc/arm-none-eabi/7.3.1/thumb/v7e-m/fpv5/hard\libgcc.a(_udivmoddi4.o)
                0x000000000801f5d8                __exidx_end = .
                0x000000000801f5d8                . = ALIGN (0x4)

.rel.dyn        0x000000000801f5d8        0x0
 .rel.iplt      0x000000000801f5d8        0x0 c:/st/stm32cubeide_1.0.2/stm32cubeide/plugins/com.st.stm32cube.ide.mcu.externaltools.gnu-tools-for-stm32.7-2018-q2-update.win32_1.0.0.201904181610/tools/bin/../lib/gcc/arm-none-eabi/7.3.1/thumb/v7e-m/fpv5/hard/crtbegin.o

.preinit_array  0x000000000801f5d8        0x0
                0x000000000801f5d8                . = ALIGN (0x4)
                0x000000000801f5d8                PROVIDE (__preinit_array_start = .)
 *(.preinit_array*)
                0x000000000801f5d8                PROVIDE (__preinit_array_end = .)
                0x000000000801f5d8                . = ALIGN (0x4)

.init_array     0x000000000801f5d8        0x4
                0x000000000801f5d8                . = ALIGN (0x4)
                0x000000000801f5d8                PROVIDE (__init_array_start = .)
 *(SORT_BY_NAME(.init_array.*))
 *(.init_array*)
 .init_array    0x000000000801f5d8        0x4 c:/st/stm32cubeide_1.0.2/stm32cubeide/plugins/com.st.stm32cube.ide.mcu.externaltools.gnu-tools-for-stm32.7-2018-q2-update.win32_1.0.0.201904181610/tools/bin/../lib/gcc/arm-none-eabi/7.3.1/thumb/v7e-m/fpv5/hard/crtbegin.o
                0x000000000801f5dc                PROVIDE (__init_array_end = .)
                0x000000000801f5dc                . = ALIGN (0x4)

.fini_array     0x000000000801f5dc        0x4
                0x000000000801f5dc                . = ALIGN (0x4)
                [!provide]                        PROVIDE (__fini_array_start = .)
 *(SORT_BY_NAME(.fini_array.*))
 *(.fini_array*)
 .fini_array    0x000000000801f5dc        0x4 c:/st/stm32cubeide_1.0.2/stm32cubeide/plugins/com.st.stm32cube.ide.mcu.externaltools.gnu-tools-for-stm32.7-2018-q2-update.win32_1.0.0.201904181610/tools/bin/../lib/gcc/arm-none-eabi/7.3.1/thumb/v7e-m/fpv5/hard/crtbegin.o
                [!provide]                        PROVIDE (__fini_array_end = .)
                0x000000000801f5e0                . = ALIGN (0x4)
                0x000000000801f5e0                _sidata = LOADADDR (.data)

.data           0x0000000024000000      0x1f0 load address 0x000000000801f5e0
                0x0000000024000000                . = ALIGN (0x4)
                0x0000000024000000                _sdata = .
 *(.data)
 *(.data*)
 .data.direction
                0x0000000024000000        0x6 Core/Src/main.o
                0x0000000024000000                direction
 .data.need_control
                0x0000000024000006        0x1 Core/Src/main.o
                0x0000000024000006                need_control
 *fill*         0x0000000024000007        0x1 
 .data.SystemCoreClock
                0x0000000024000008        0x4 Core/Src/system_stm32h7xx.o
                0x0000000024000008                SystemCoreClock
 .data.SystemD2Clock
                0x000000002400000c        0x4 Core/Src/system_stm32h7xx.o
                0x000000002400000c                SystemD2Clock
 .data.uwTickPrio
                0x0000000024000010        0x4 Drivers/STM32H7xx_HAL_Driver/Src/stm32h7xx_hal.o
                0x0000000024000010                uwTickPrio
 .data.uwTickFreq
                0x0000000024000014        0x1 Drivers/STM32H7xx_HAL_Driver/Src/stm32h7xx_hal.o
                0x0000000024000014                uwTickFreq
 *fill*         0x0000000024000015        0x3 
 .data.USBD_CDC_DeviceQualifierDesc
                0x0000000024000018        0xa Middlewares/ST/STM32_USB_Device_Library/Class/CDC/Src/usbd_cdc.o
 *fill*         0x0000000024000022        0x2 
 .data.USBD_CDC
                0x0000000024000024       0x38 Middlewares/ST/STM32_USB_Device_Library/Class/CDC/Src/usbd_cdc.o
                0x0000000024000024                USBD_CDC
 .data.USBD_CDC_CfgHSDesc
                0x000000002400005c       0x43 Middlewares/ST/STM32_USB_Device_Library/Class/CDC/Src/usbd_cdc.o
                0x000000002400005c                USBD_CDC_CfgHSDesc
 *fill*         0x000000002400009f        0x1 
 .data.USBD_CDC_CfgFSDesc
                0x00000000240000a0       0x43 Middlewares/ST/STM32_USB_Device_Library/Class/CDC/Src/usbd_cdc.o
                0x00000000240000a0                USBD_CDC_CfgFSDesc
 *fill*         0x00000000240000e3        0x1 
 .data.USBD_CDC_OtherSpeedCfgDesc
                0x00000000240000e4       0x43 Middlewares/ST/STM32_USB_Device_Library/Class/CDC/Src/usbd_cdc.o
                0x00000000240000e4                USBD_CDC_OtherSpeedCfgDesc
 *fill*         0x0000000024000127        0x1 
 .data.USBD_Interface_fops_FS
                0x0000000024000128       0x10 USB_DEVICE/App/usbd_cdc_if.o
                0x0000000024000128                USBD_Interface_fops_FS
 .data.FS_Desc  0x0000000024000138       0x1c USB_DEVICE/App/usbd_desc.o
                0x0000000024000138                FS_Desc
 .data.USBD_FS_DeviceDesc
                0x0000000024000154       0x12 USB_DEVICE/App/usbd_desc.o
                0x0000000024000154                USBD_FS_DeviceDesc
 *fill*         0x0000000024000166        0x2 
 .data.USBD_LangIDDesc
                0x0000000024000168        0x4 USB_DEVICE/App/usbd_desc.o
                0x0000000024000168                USBD_LangIDDesc
 .data.USBD_StringSerial
                0x000000002400016c       0x1a USB_DEVICE/App/usbd_desc.o
                0x000000002400016c                USBD_StringSerial
 *fill*         0x0000000024000186        0x2 
 .data._impure_ptr
                0x0000000024000188        0x4 c:/st/stm32cubeide_1.0.2/stm32cubeide/plugins/com.st.stm32cube.ide.mcu.externaltools.gnu-tools-for-stm32.7-2018-q2-update.win32_1.0.0.201904181610/tools/bin/../lib/gcc/arm-none-eabi/7.3.1/../../../../arm-none-eabi/lib/thumb/v7e-m/fpv5/hard\libc_nano.a(lib_a-impure.o)
                0x0000000024000188                _impure_ptr
 .data.impure_data
                0x000000002400018c       0x60 c:/st/stm32cubeide_1.0.2/stm32cubeide/plugins/com.st.stm32cube.ide.mcu.externaltools.gnu-tools-for-stm32.7-2018-q2-update.win32_1.0.0.201904181610/tools/bin/../lib/gcc/arm-none-eabi/7.3.1/../../../../arm-none-eabi/lib/thumb/v7e-m/fpv5/hard\libc_nano.a(lib_a-impure.o)
 .data.__fdlib_version
                0x00000000240001ec        0x1 c:/st/stm32cubeide_1.0.2/stm32cubeide/plugins/com.st.stm32cube.ide.mcu.externaltools.gnu-tools-for-stm32.7-2018-q2-update.win32_1.0.0.201904181610/tools/bin/../lib/gcc/arm-none-eabi/7.3.1/../../../../arm-none-eabi/lib/thumb/v7e-m/fpv5/hard\libm.a(lib_a-s_lib_ver.o)
                0x00000000240001ec                __fdlib_version
                0x00000000240001f0                . = ALIGN (0x4)
 *fill*         0x00000000240001ed        0x3 
                0x00000000240001f0                _edata = .

.igot.plt       0x00000000240001f0        0x0 load address 0x000000000801f7d0
 .igot.plt      0x00000000240001f0        0x0 c:/st/stm32cubeide_1.0.2/stm32cubeide/plugins/com.st.stm32cube.ide.mcu.externaltools.gnu-tools-for-stm32.7-2018-q2-update.win32_1.0.0.201904181610/tools/bin/../lib/gcc/arm-none-eabi/7.3.1/thumb/v7e-m/fpv5/hard/crtbegin.o
                0x00000000240001f0                . = ALIGN (0x4)

.bss            0x00000000240001f0     0x1d18 load address 0x000000000801f7d0
                0x00000000240001f0                _sbss = .
                0x00000000240001f0                __bss_start__ = _sbss
 *(.bss)
 .bss           0x00000000240001f0       0x1c c:/st/stm32cubeide_1.0.2/stm32cubeide/plugins/com.st.stm32cube.ide.mcu.externaltools.gnu-tools-for-stm32.7-2018-q2-update.win32_1.0.0.201904181610/tools/bin/../lib/gcc/arm-none-eabi/7.3.1/thumb/v7e-m/fpv5/hard/crtbegin.o
 *(.bss*)
 .bss.motor_steps
                0x000000002400020c       0x18 Core/Src/main.o
                0x000000002400020c                motor_steps
 *fill*         0x0000000024000224        0x4 
 .bss.joint_speed
                0x0000000024000228       0x30 Core/Src/main.o
                0x0000000024000228                joint_speed
 .bss.delta_pos
                0x0000000024000258       0x18 Core/Src/main.o
                0x0000000024000258                delta_pos
 .bss.current_angle
                0x0000000024000270       0x30 Core/Src/main.o
                0x0000000024000270                current_angle
 .bss.backemf   0x00000000240002a0       0x30 Core/Src/main.o
                0x00000000240002a0                backemf
 .bss.desired_pos
                0x00000000240002d0       0x30 Core/Src/main.o
                0x00000000240002d0                desired_pos
 .bss.heap_end.6424
                0x0000000024000300        0x4 Core/Src/sysmem.o
 .bss.isInitialized_G_q
                0x0000000024000304        0x1 Core/external/G_q_data.o
                0x0000000024000304                isInitialized_G_q
 .bss.cfgidx.12733
                0x0000000024000305        0x1 Middlewares/ST/STM32_USB_Device_Library/Core/Src/usbd_ctlreq.o
 *fill*         0x0000000024000306        0x2 
 .bss.__malloc_free_list
                0x0000000024000308        0x4 c:/st/stm32cubeide_1.0.2/stm32cubeide/plugins/com.st.stm32cube.ide.mcu.externaltools.gnu-tools-for-stm32.7-2018-q2-update.win32_1.0.0.201904181610/tools/bin/../lib/gcc/arm-none-eabi/7.3.1/../../../../arm-none-eabi/lib/thumb/v7e-m/fpv5/hard\libc_nano.a(lib_a-nano-mallocr.o)
                0x0000000024000308                __malloc_free_list
 .bss.__malloc_sbrk_start
                0x000000002400030c        0x4 c:/st/stm32cubeide_1.0.2/stm32cubeide/plugins/com.st.stm32cube.ide.mcu.externaltools.gnu-tools-for-stm32.7-2018-q2-update.win32_1.0.0.201904181610/tools/bin/../lib/gcc/arm-none-eabi/7.3.1/../../../../arm-none-eabi/lib/thumb/v7e-m/fpv5/hard\libc_nano.a(lib_a-nano-mallocr.o)
                0x000000002400030c                __malloc_sbrk_start
 *(COMMON)
 COMMON         0x0000000024000310      0x300 Core/Src/main.o
                0x0000000024000310                huart3
                0x000000002400039c                val_encoderA
                0x00000000240003b4                Lstate
                0x00000000240003cc                encoders
                0x000000002400042c                htim5
                0x000000002400046c                htim3
                0x00000000240004ac                val_encoderB
                0x00000000240004c4                huart1
                0x0000000024000550                htim1
                0x0000000024000590                htim2
                0x00000000240005d0                htim7
 COMMON         0x0000000024000610       0x24 Core/external/rt_nonfinite.o
                0x0000000024000610                rtNaNF
                0x0000000024000614                rtInfF
                0x0000000024000618                rtInf
                0x0000000024000620                rtNaN
                0x0000000024000628                rtMinusInf
                0x0000000024000630                rtMinusInfF
 COMMON         0x0000000024000634        0x4 Drivers/STM32H7xx_HAL_Driver/Src/stm32h7xx_hal.o
                0x0000000024000634                uwTick
 COMMON         0x0000000024000638      0x2c4 USB_DEVICE/App/usb_device.o
                0x0000000024000638                hUsbDeviceFS
 COMMON         0x00000000240008fc     0x1000 USB_DEVICE/App/usbd_cdc_if.o
                0x00000000240008fc                UserRxBufferFS
                0x00000000240010fc                UserTxBufferFS
 COMMON         0x00000000240018fc      0x200 USB_DEVICE/App/usbd_desc.o
                0x00000000240018fc                USBD_StrDesc
 COMMON         0x0000000024001afc      0x408 USB_DEVICE/Target/usbd_conf.o