main.c:103:6:HAL_GPIO_EXTI_Callback	16	static
main.c:257:6:PWM3_change_duty_cycle	56	static
main.c:286:6:PWM1_change_duty_cycle	48	static
main.c:309:6:PWM2_change_duty_cycle	48	static
main.c:328:1:__io_putchar	16	static
main.c:337:6:HAL_TIM_PeriodElapsedCallback	24	static
main.c:357:6:Joint_controller	16	static
main.c:366:5:main	104	static
main.c:468:6:SystemClock_Config	312	static
main.c:536:13:MX_TIM1_Init	96	static
main.c:610:13:MX_TIM2_Init	48	static
main.c:659:13:MX_TIM3_Init	48	static
main.c:716:13:MX_TIM5_Init	48	static
main.c:765:13:MX_TIM7_Init	24	static
main.c:808:13:MX_USART1_UART_Init	8	static
main.c:856:13:MX_USART3_UART_Init	8	static
main.c:904:13:MX_GPIO_Init	64	static
main.c:1071:6:Error_Handler	4	static
