main.c:126:6:HAL_GPIO_EXTI_Callback	16	static
main.c:292:6:PWM3_change_duty_cycle	56	static
main.c:321:6:PWM1_change_duty_cycle	48	static
main.c:344:6:PWM2_change_duty_cycle	48	static
main.c:363:1:__io_putchar	16	static
main.c:372:6:HAL_TIM_PeriodElapsedCallback	24	static
main.c:397:6:Joint_controller	104	static
main.c:417:6:set_up_encoder_pins	4	static
main.c:433:6:set_up_driver_pins	4	static
main.c:454:5:main	216	static
main.c:566:6:SystemClock_Config	312	static
main.c:634:13:MX_TIM1_Init	96	static
main.c:708:13:MX_TIM2_Init	48	static
main.c:757:13:MX_TIM3_Init	48	static
main.c:814:13:MX_TIM5_Init	48	static
main.c:863:13:MX_TIM7_Init	24	static
main.c:906:13:MX_USART1_UART_Init	8	static
main.c:954:13:MX_USART3_UART_Init	8	static
main.c:1002:13:MX_GPIO_Init	64	static
main.c:1213:6:Error_Handler	4	static
