main.c:139:6:HAL_GPIO_EXTI_Callback	16	static
main.c:326:6:set_up_encoder_pins	4	static
main.c:342:6:set_up_driver_pins	4	static
main.c:358:6:PWM3_change_duty_cycle	56	static
main.c:387:6:PWM1_change_duty_cycle	48	static
main.c:410:6:PWM2_change_duty_cycle	48	static
main.c:429:1:__io_putchar	16	static
main.c:438:6:HAL_TIM_PeriodElapsedCallback	24	static
main.c:463:6:Joint_controller	104	static
main.c:503:6:homing	4	static
main.c:516:6:StartUp	8	static
main.c:530:5:main	216	static
main.c:652:6:SystemClock_Config	312	static
main.c:720:13:MX_TIM1_Init	96	static
main.c:794:13:MX_TIM2_Init	48	static
main.c:843:13:MX_TIM3_Init	48	static
main.c:900:13:MX_TIM5_Init	48	static
main.c:949:13:MX_TIM7_Init	24	static
main.c:992:13:MX_USART1_UART_Init	8	static
main.c:1040:13:MX_USART3_UART_Init	8	static
main.c:1088:13:MX_GPIO_Init	64	static
main.c:1311:6:Error_Handler	4	static
